-- The C compiler identification is GNU 13.3.0
-- The CXX compiler identification is GNU 13.3.0
-- Detecting C compiler ABI info
-- Detecting C compiler ABI info - done
-- Check for working C compiler: /usr/bin/cc - skipped
-- Detecting C compile features
-- Detecting C compile features - done
-- Detecting CXX compiler ABI info
-- Detecting CXX compiler ABI info - done
-- Check for working CXX compiler: /usr/bin/c++ - skipped
-- Detecting CXX compile features
-- Detecting CXX compile features - done
-- Found ament_cmake: 2.5.6 (/opt/ros/jazzy/share/ament_cmake/cmake)
-- Found Python3: /usr/bin/python3 (found version "3.12.3") found components: Interpreter 
-- Override CMake install command with custom implementation using symlinks instead of copying resources
-- Found ament_lint_auto: 0.17.5 (/opt/ros/jazzy/share/ament_lint_auto/cmake)
-- Added test 'lint_cmake' to check CMake code style
-- Added test 'xmllint' to check XML markup files
-- Configuring done (1.2s)
-- Generating done (0.0s)
-- Build files have been written to: /home/kunal-jazzy/edge_ws/build/edge_ws
-- Install configuration: ""
-- Execute custom install script
-- Symlinking: /home/kunal-jazzy/edge_ws/install/edge_ws/share/ament_index/resource_index/package_run_dependencies/edge_ws
-- Symlinking: /home/kunal-jazzy/edge_ws/install/edge_ws/share/ament_index/resource_index/parent_prefix_path/edge_ws
-- Symlinking: /home/kunal-jazzy/edge_ws/install/edge_ws/share/edge_ws/environment/ament_prefix_path.sh
-- Symlinking: /home/kunal-jazzy/edge_ws/install/edge_ws/share/edge_ws/environment/ament_prefix_path.dsv
-- Symlinking: /home/kunal-jazzy/edge_ws/install/edge_ws/share/edge_ws/environment/path.sh
-- Symlinking: /home/kunal-jazzy/edge_ws/install/edge_ws/share/edge_ws/environment/path.dsv
-- Symlinking: /home/kunal-jazzy/edge_ws/install/edge_ws/share/edge_ws/local_setup.bash
-- Symlinking: /home/kunal-jazzy/edge_ws/install/edge_ws/share/edge_ws/local_setup.sh
-- Symlinking: /home/kunal-jazzy/edge_ws/install/edge_ws/share/edge_ws/local_setup.zsh
-- Symlinking: /home/kunal-jazzy/edge_ws/install/edge_ws/share/edge_ws/local_setup.dsv
-- Symlinking: /home/kunal-jazzy/edge_ws/install/edge_ws/share/edge_ws/package.dsv
-- Symlinking: /home/kunal-jazzy/edge_ws/install/edge_ws/share/ament_index/resource_index/packages/edge_ws
-- Symlinking: /home/kunal-jazzy/edge_ws/install/edge_ws/share/edge_ws/cmake/edge_wsConfig.cmake
-- Symlinking: /home/kunal-jazzy/edge_ws/install/edge_ws/share/edge_ws/cmake/edge_wsConfig-version.cmake
-- Symlinking: /home/kunal-jazzy/edge_ws/install/edge_ws/share/edge_ws/package.xml
