[0.145s] DEBUG:colcon:Command line arguments: ['/usr/bin/colcon', 'build', '--symlink-install']
[0.146s] DEBUG:colcon:Parsed command line arguments: Namespace(log_base=None, log_level=None, verb_name='build', build_base='build', install_base='install', merge_install=False, symlink_install=True, test_result_base=None, continue_on_error=False, executor='parallel', parallel_workers=12, event_handlers=None, ignore_user_meta=False, metas=['./colcon.meta'], base_paths=['.'], packages_ignore=None, packages_ignore_regex=None, paths=None, packages_up_to=None, packages_up_to_regex=None, packages_above=None, packages_above_and_dependencies=None, packages_above_depth=None, packages_select_by_dep=None, packages_skip_by_dep=None, packages_skip_up_to=None, packages_select_build_failed=False, packages_skip_build_finished=False, packages_select_test_failures=False, packages_skip_test_passed=False, packages_select=None, packages_skip=None, packages_select_regex=None, packages_skip_regex=None, packages_start=None, packages_end=None, allow_overriding=[], cmake_args=None, cmake_target=None, cmake_target_skip_unavailable=False, cmake_clean_cache=False, cmake_clean_first=False, cmake_force_configure=False, ament_cmake_args=None, catkin_cmake_args=None, catkin_skip_building_tests=False, verb_parser=<colcon_defaults.argument_parser.defaults.DefaultArgumentsDecorator object at 0x7159779952e0>, verb_extension=<colcon_core.verb.build.BuildVerb object at 0x715977bbe030>, main=<bound method BuildVerb.main of <colcon_core.verb.build.BuildVerb object at 0x715977bbe030>>)
[0.200s] Level 1:colcon.colcon_core.package_discovery:discover_packages(colcon_meta) check parameters
[0.200s] Level 1:colcon.colcon_core.package_discovery:discover_packages(recursive) check parameters
[0.200s] Level 1:colcon.colcon_core.package_discovery:discover_packages(ignore) check parameters
[0.200s] Level 1:colcon.colcon_core.package_discovery:discover_packages(path) check parameters
[0.200s] Level 1:colcon.colcon_core.package_discovery:discover_packages(colcon_meta) discover
[0.200s] Level 1:colcon.colcon_core.package_discovery:discover_packages(recursive) discover
[0.200s] INFO:colcon.colcon_core.package_discovery:Crawling recursively for packages in '/home/kunal-jazzy/edge_ws'
[0.200s] Level 1:colcon.colcon_core.package_identification:_identify(.) by extensions ['ignore', 'ignore_ament_install']
[0.200s] Level 1:colcon.colcon_core.package_identification:_identify(.) by extension 'ignore'
[0.201s] Level 1:colcon.colcon_core.package_identification:_identify(.) by extension 'ignore_ament_install'
[0.201s] Level 1:colcon.colcon_core.package_identification:_identify(.) by extensions ['colcon_pkg']
[0.201s] Level 1:colcon.colcon_core.package_identification:_identify(.) by extension 'colcon_pkg'
[0.201s] Level 1:colcon.colcon_core.package_identification:_identify(.) by extensions ['colcon_meta']
[0.201s] Level 1:colcon.colcon_core.package_identification:_identify(.) by extension 'colcon_meta'
[0.201s] Level 1:colcon.colcon_core.package_identification:_identify(.) by extensions ['ros']
[0.201s] Level 1:colcon.colcon_core.package_identification:_identify(.) by extension 'ros'
[0.240s] Level 1:colcon.colcon_core.package_identification:_identify(.) by extensions ['cmake', 'python']
[0.240s] Level 1:colcon.colcon_core.package_identification:_identify(.) by extension 'cmake'
[0.240s] Level 1:colcon.colcon_core.package_identification:_identify(.) by extension 'python'
[0.240s] Level 1:colcon.colcon_core.package_identification:_identify(.) by extensions ['python_setup_py']
[0.240s] Level 1:colcon.colcon_core.package_identification:_identify(.) by extension 'python_setup_py'
[0.240s] Level 1:colcon.colcon_core.package_identification:_identify(build) by extensions ['ignore', 'ignore_ament_install']
[0.240s] Level 1:colcon.colcon_core.package_identification:_identify(build) by extension 'ignore'
[0.240s] Level 1:colcon.colcon_core.package_identification:_identify(build) ignored
[0.241s] Level 1:colcon.colcon_core.package_identification:_identify(install) by extensions ['ignore', 'ignore_ament_install']
[0.241s] Level 1:colcon.colcon_core.package_identification:_identify(install) by extension 'ignore'
[0.241s] Level 1:colcon.colcon_core.package_identification:_identify(install) ignored
[0.241s] Level 1:colcon.colcon_core.package_identification:_identify(log) by extensions ['ignore', 'ignore_ament_install']
[0.241s] Level 1:colcon.colcon_core.package_identification:_identify(log) by extension 'ignore'
[0.241s] Level 1:colcon.colcon_core.package_identification:_identify(log) ignored
[0.241s] Level 1:colcon.colcon_core.package_identification:_identify(src) by extensions ['ignore', 'ignore_ament_install']
[0.241s] Level 1:colcon.colcon_core.package_identification:_identify(src) by extension 'ignore'
[0.241s] Level 1:colcon.colcon_core.package_identification:_identify(src) by extension 'ignore_ament_install'
[0.241s] Level 1:colcon.colcon_core.package_identification:_identify(src) by extensions ['colcon_pkg']
[0.241s] Level 1:colcon.colcon_core.package_identification:_identify(src) by extension 'colcon_pkg'
[0.241s] Level 1:colcon.colcon_core.package_identification:_identify(src) by extensions ['colcon_meta']
[0.241s] Level 1:colcon.colcon_core.package_identification:_identify(src) by extension 'colcon_meta'
[0.241s] Level 1:colcon.colcon_core.package_identification:_identify(src) by extensions ['ros']
[0.241s] Level 1:colcon.colcon_core.package_identification:_identify(src) by extension 'ros'
[0.242s] Level 1:colcon.colcon_core.package_identification:_identify(src) by extensions ['cmake', 'python']
[0.242s] Level 1:colcon.colcon_core.package_identification:_identify(src) by extension 'cmake'
[0.242s] Level 1:colcon.colcon_core.package_identification:_identify(src) by extension 'python'
[0.242s] Level 1:colcon.colcon_core.package_identification:_identify(src) by extensions ['python_setup_py']
[0.242s] Level 1:colcon.colcon_core.package_identification:_identify(src) by extension 'python_setup_py'
[0.242s] Level 1:colcon.colcon_core.package_identification:_identify(src/edge_robot_bringup) by extensions ['ignore', 'ignore_ament_install']
[0.242s] Level 1:colcon.colcon_core.package_identification:_identify(src/edge_robot_bringup) by extension 'ignore'
[0.242s] Level 1:colcon.colcon_core.package_identification:_identify(src/edge_robot_bringup) by extension 'ignore_ament_install'
[0.242s] Level 1:colcon.colcon_core.package_identification:_identify(src/edge_robot_bringup) by extensions ['colcon_pkg']
[0.242s] Level 1:colcon.colcon_core.package_identification:_identify(src/edge_robot_bringup) by extension 'colcon_pkg'
[0.242s] Level 1:colcon.colcon_core.package_identification:_identify(src/edge_robot_bringup) by extensions ['colcon_meta']
[0.242s] Level 1:colcon.colcon_core.package_identification:_identify(src/edge_robot_bringup) by extension 'colcon_meta'
[0.242s] Level 1:colcon.colcon_core.package_identification:_identify(src/edge_robot_bringup) by extensions ['ros']
[0.242s] Level 1:colcon.colcon_core.package_identification:_identify(src/edge_robot_bringup) by extension 'ros'
[0.246s] DEBUG:colcon.colcon_core.package_identification:Package 'src/edge_robot_bringup' with type 'ros.ament_cmake' and name 'edge_robot_bringup'
[0.246s] Level 1:colcon.colcon_core.package_identification:_identify(src/edge_robot_description) by extensions ['ignore', 'ignore_ament_install']
[0.246s] Level 1:colcon.colcon_core.package_identification:_identify(src/edge_robot_description) by extension 'ignore'
[0.246s] Level 1:colcon.colcon_core.package_identification:_identify(src/edge_robot_description) by extension 'ignore_ament_install'
[0.246s] Level 1:colcon.colcon_core.package_identification:_identify(src/edge_robot_description) by extensions ['colcon_pkg']
[0.246s] Level 1:colcon.colcon_core.package_identification:_identify(src/edge_robot_description) by extension 'colcon_pkg'
[0.246s] Level 1:colcon.colcon_core.package_identification:_identify(src/edge_robot_description) by extensions ['colcon_meta']
[0.246s] Level 1:colcon.colcon_core.package_identification:_identify(src/edge_robot_description) by extension 'colcon_meta'
[0.246s] Level 1:colcon.colcon_core.package_identification:_identify(src/edge_robot_description) by extensions ['ros']
[0.246s] Level 1:colcon.colcon_core.package_identification:_identify(src/edge_robot_description) by extension 'ros'
[0.247s] DEBUG:colcon.colcon_core.package_identification:Package 'src/edge_robot_description' with type 'ros.ament_cmake' and name 'edge_robot_description'
[0.247s] Level 1:colcon.colcon_core.package_identification:_identify(src/edge_ws) by extensions ['ignore', 'ignore_ament_install']
[0.247s] Level 1:colcon.colcon_core.package_identification:_identify(src/edge_ws) by extension 'ignore'
[0.247s] Level 1:colcon.colcon_core.package_identification:_identify(src/edge_ws) by extension 'ignore_ament_install'
[0.247s] Level 1:colcon.colcon_core.package_identification:_identify(src/edge_ws) by extensions ['colcon_pkg']
[0.247s] Level 1:colcon.colcon_core.package_identification:_identify(src/edge_ws) by extension 'colcon_pkg'
[0.247s] Level 1:colcon.colcon_core.package_identification:_identify(src/edge_ws) by extensions ['colcon_meta']
[0.247s] Level 1:colcon.colcon_core.package_identification:_identify(src/edge_ws) by extension 'colcon_meta'
[0.247s] Level 1:colcon.colcon_core.package_identification:_identify(src/edge_ws) by extensions ['ros']
[0.247s] Level 1:colcon.colcon_core.package_identification:_identify(src/edge_ws) by extension 'ros'
[0.248s] DEBUG:colcon.colcon_core.package_identification:Package 'src/edge_ws' with type 'ros.ament_cmake' and name 'edge_ws'
[0.248s] Level 1:colcon.colcon_core.package_identification:_identify(src/robot_control) by extensions ['ignore', 'ignore_ament_install']
[0.248s] Level 1:colcon.colcon_core.package_identification:_identify(src/robot_control) by extension 'ignore'
[0.248s] Level 1:colcon.colcon_core.package_identification:_identify(src/robot_control) by extension 'ignore_ament_install'
[0.248s] Level 1:colcon.colcon_core.package_identification:_identify(src/robot_control) by extensions ['colcon_pkg']
[0.248s] Level 1:colcon.colcon_core.package_identification:_identify(src/robot_control) by extension 'colcon_pkg'
[0.248s] Level 1:colcon.colcon_core.package_identification:_identify(src/robot_control) by extensions ['colcon_meta']
[0.249s] Level 1:colcon.colcon_core.package_identification:_identify(src/robot_control) by extension 'colcon_meta'
[0.249s] Level 1:colcon.colcon_core.package_identification:_identify(src/robot_control) by extensions ['ros']
[0.249s] Level 1:colcon.colcon_core.package_identification:_identify(src/robot_control) by extension 'ros'
[0.249s] DEBUG:colcon.colcon_core.package_identification:Package 'src/robot_control' with type 'ros.ament_python' and name 'robot_control'
[0.249s] Level 1:colcon.colcon_core.package_discovery:discover_packages(recursive) using defaults
[0.250s] Level 1:colcon.colcon_core.package_discovery:discover_packages(ignore) discover
[0.250s] Level 1:colcon.colcon_core.package_discovery:discover_packages(ignore) using defaults
[0.250s] Level 1:colcon.colcon_core.package_discovery:discover_packages(path) discover
[0.250s] Level 1:colcon.colcon_core.package_discovery:discover_packages(path) using defaults
[0.276s] Level 1:colcon.colcon_core.package_discovery:discover_packages(prefix_path) check parameters
[0.276s] Level 1:colcon.colcon_core.package_discovery:discover_packages(prefix_path) discover
[0.278s] WARNING:colcon.colcon_ros.prefix_path.ament:The path '/home/kunal-jazzy/edge_ws/install/edge_ws' in the environment variable AMENT_PREFIX_PATH doesn't exist
[0.278s] WARNING:colcon.colcon_ros.prefix_path.ament:The path '/home/kunal-jazzy/edge_ws/install/robot_control' in the environment variable AMENT_PREFIX_PATH doesn't exist
[0.278s] WARNING:colcon.colcon_ros.prefix_path.ament:The path '/home/kunal-jazzy/edge_ws/install/edge_robot_bringup' in the environment variable AMENT_PREFIX_PATH doesn't exist
[0.278s] WARNING:colcon.colcon_ros.prefix_path.ament:The path '/home/kunal-jazzy/edge_ws/install/edge_robot_description' in the environment variable AMENT_PREFIX_PATH doesn't exist
[0.278s] WARNING:colcon.colcon_ros.prefix_path.catkin:The path '/home/kunal-jazzy/edge_ws/install/edge_ws' in the environment variable CMAKE_PREFIX_PATH doesn't exist
[0.278s] WARNING:colcon.colcon_ros.prefix_path.catkin:The path '/home/kunal-jazzy/edge_ws/install/edge_robot_bringup' in the environment variable CMAKE_PREFIX_PATH doesn't exist
[0.278s] WARNING:colcon.colcon_ros.prefix_path.catkin:The path '/home/kunal-jazzy/edge_ws/install/edge_robot_description' in the environment variable CMAKE_PREFIX_PATH doesn't exist
[0.279s] DEBUG:colcon.colcon_installed_package_information.package_discovery:Found 0 installed packages in /home/kunal-jazzy/edge_ws/install
[0.280s] DEBUG:colcon.colcon_installed_package_information.package_discovery:Found 4 installed packages in /home/kunal-jazzy/ROS2-Camera-Visualization/install
[0.280s] DEBUG:colcon.colcon_installed_package_information.package_discovery:Found 5 installed packages in /home/kunal-jazzy/ros2_ws/install
[0.281s] DEBUG:colcon.colcon_installed_package_information.package_discovery:Found 1 installed packages in /home/kunal-jazzy/nav_ws/install
[0.281s] DEBUG:colcon.colcon_installed_package_information.package_discovery:Found 2 installed packages in /home/kunal-jazzy/ros2_arm/install
[0.284s] DEBUG:colcon.colcon_installed_package_information.package_discovery:Found 508 installed packages in /opt/ros/jazzy
[0.287s] Level 1:colcon.colcon_core.package_discovery:discover_packages(prefix_path) using defaults
[0.366s] Level 5:colcon.colcon_core.verb:set package 'edge_robot_description' build argument 'cmake_args' from command line to 'None'
[0.366s] Level 5:colcon.colcon_core.verb:set package 'edge_robot_description' build argument 'cmake_target' from command line to 'None'
[0.366s] Level 5:colcon.colcon_core.verb:set package 'edge_robot_description' build argument 'cmake_target_skip_unavailable' from command line to 'False'
[0.366s] Level 5:colcon.colcon_core.verb:set package 'edge_robot_description' build argument 'cmake_clean_cache' from command line to 'False'
[0.366s] Level 5:colcon.colcon_core.verb:set package 'edge_robot_description' build argument 'cmake_clean_first' from command line to 'False'
[0.366s] Level 5:colcon.colcon_core.verb:set package 'edge_robot_description' build argument 'cmake_force_configure' from command line to 'False'
[0.366s] Level 5:colcon.colcon_core.verb:set package 'edge_robot_description' build argument 'ament_cmake_args' from command line to 'None'
[0.366s] Level 5:colcon.colcon_core.verb:set package 'edge_robot_description' build argument 'catkin_cmake_args' from command line to 'None'
[0.366s] Level 5:colcon.colcon_core.verb:set package 'edge_robot_description' build argument 'catkin_skip_building_tests' from command line to 'False'
[0.366s] DEBUG:colcon.colcon_core.verb:Building package 'edge_robot_description' with the following arguments: {'ament_cmake_args': None, 'build_base': '/home/kunal-jazzy/edge_ws/build/edge_robot_description', 'catkin_cmake_args': None, 'catkin_skip_building_tests': False, 'cmake_args': None, 'cmake_clean_cache': False, 'cmake_clean_first': False, 'cmake_force_configure': False, 'cmake_target': None, 'cmake_target_skip_unavailable': False, 'install_base': '/home/kunal-jazzy/edge_ws/install/edge_robot_description', 'merge_install': False, 'path': '/home/kunal-jazzy/edge_ws/src/edge_robot_description', 'symlink_install': True, 'test_result_base': None}
[0.366s] Level 5:colcon.colcon_core.verb:set package 'robot_control' build argument 'cmake_args' from command line to 'None'
[0.366s] Level 5:colcon.colcon_core.verb:set package 'robot_control' build argument 'cmake_target' from command line to 'None'
[0.366s] Level 5:colcon.colcon_core.verb:set package 'robot_control' build argument 'cmake_target_skip_unavailable' from command line to 'False'
[0.366s] Level 5:colcon.colcon_core.verb:set package 'robot_control' build argument 'cmake_clean_cache' from command line to 'False'
[0.366s] Level 5:colcon.colcon_core.verb:set package 'robot_control' build argument 'cmake_clean_first' from command line to 'False'
[0.366s] Level 5:colcon.colcon_core.verb:set package 'robot_control' build argument 'cmake_force_configure' from command line to 'False'
[0.366s] Level 5:colcon.colcon_core.verb:set package 'robot_control' build argument 'ament_cmake_args' from command line to 'None'
[0.366s] Level 5:colcon.colcon_core.verb:set package 'robot_control' build argument 'catkin_cmake_args' from command line to 'None'
[0.366s] Level 5:colcon.colcon_core.verb:set package 'robot_control' build argument 'catkin_skip_building_tests' from command line to 'False'
[0.367s] DEBUG:colcon.colcon_core.verb:Building package 'robot_control' with the following arguments: {'ament_cmake_args': None, 'build_base': '/home/kunal-jazzy/edge_ws/build/robot_control', 'catkin_cmake_args': None, 'catkin_skip_building_tests': False, 'cmake_args': None, 'cmake_clean_cache': False, 'cmake_clean_first': False, 'cmake_force_configure': False, 'cmake_target': None, 'cmake_target_skip_unavailable': False, 'install_base': '/home/kunal-jazzy/edge_ws/install/robot_control', 'merge_install': False, 'path': '/home/kunal-jazzy/edge_ws/src/robot_control', 'symlink_install': True, 'test_result_base': None}
[0.367s] Level 5:colcon.colcon_core.verb:set package 'edge_robot_bringup' build argument 'cmake_args' from command line to 'None'
[0.367s] Level 5:colcon.colcon_core.verb:set package 'edge_robot_bringup' build argument 'cmake_target' from command line to 'None'
[0.367s] Level 5:colcon.colcon_core.verb:set package 'edge_robot_bringup' build argument 'cmake_target_skip_unavailable' from command line to 'False'
[0.367s] Level 5:colcon.colcon_core.verb:set package 'edge_robot_bringup' build argument 'cmake_clean_cache' from command line to 'False'
[0.367s] Level 5:colcon.colcon_core.verb:set package 'edge_robot_bringup' build argument 'cmake_clean_first' from command line to 'False'
[0.367s] Level 5:colcon.colcon_core.verb:set package 'edge_robot_bringup' build argument 'cmake_force_configure' from command line to 'False'
[0.367s] Level 5:colcon.colcon_core.verb:set package 'edge_robot_bringup' build argument 'ament_cmake_args' from command line to 'None'
[0.367s] Level 5:colcon.colcon_core.verb:set package 'edge_robot_bringup' build argument 'catkin_cmake_args' from command line to 'None'
[0.367s] Level 5:colcon.colcon_core.verb:set package 'edge_robot_bringup' build argument 'catkin_skip_building_tests' from command line to 'False'
[0.367s] DEBUG:colcon.colcon_core.verb:Building package 'edge_robot_bringup' with the following arguments: {'ament_cmake_args': None, 'build_base': '/home/kunal-jazzy/edge_ws/build/edge_robot_bringup', 'catkin_cmake_args': None, 'catkin_skip_building_tests': False, 'cmake_args': None, 'cmake_clean_cache': False, 'cmake_clean_first': False, 'cmake_force_configure': False, 'cmake_target': None, 'cmake_target_skip_unavailable': False, 'install_base': '/home/kunal-jazzy/edge_ws/install/edge_robot_bringup', 'merge_install': False, 'path': '/home/kunal-jazzy/edge_ws/src/edge_robot_bringup', 'symlink_install': True, 'test_result_base': None}
[0.367s] Level 5:colcon.colcon_core.verb:set package 'edge_ws' build argument 'cmake_args' from command line to 'None'
[0.367s] Level 5:colcon.colcon_core.verb:set package 'edge_ws' build argument 'cmake_target' from command line to 'None'
[0.367s] Level 5:colcon.colcon_core.verb:set package 'edge_ws' build argument 'cmake_target_skip_unavailable' from command line to 'False'
[0.367s] Level 5:colcon.colcon_core.verb:set package 'edge_ws' build argument 'cmake_clean_cache' from command line to 'False'
[0.367s] Level 5:colcon.colcon_core.verb:set package 'edge_ws' build argument 'cmake_clean_first' from command line to 'False'
[0.368s] Level 5:colcon.colcon_core.verb:set package 'edge_ws' build argument 'cmake_force_configure' from command line to 'False'
[0.368s] Level 5:colcon.colcon_core.verb:set package 'edge_ws' build argument 'ament_cmake_args' from command line to 'None'
[0.368s] Level 5:colcon.colcon_core.verb:set package 'edge_ws' build argument 'catkin_cmake_args' from command line to 'None'
[0.368s] Level 5:colcon.colcon_core.verb:set package 'edge_ws' build argument 'catkin_skip_building_tests' from command line to 'False'
[0.368s] DEBUG:colcon.colcon_core.verb:Building package 'edge_ws' with the following arguments: {'ament_cmake_args': None, 'build_base': '/home/kunal-jazzy/edge_ws/build/edge_ws', 'catkin_cmake_args': None, 'catkin_skip_building_tests': False, 'cmake_args': None, 'cmake_clean_cache': False, 'cmake_clean_first': False, 'cmake_force_configure': False, 'cmake_target': None, 'cmake_target_skip_unavailable': False, 'install_base': '/home/kunal-jazzy/edge_ws/install/edge_ws', 'merge_install': False, 'path': '/home/kunal-jazzy/edge_ws/src/edge_ws', 'symlink_install': True, 'test_result_base': None}
[0.368s] INFO:colcon.colcon_core.executor:Executing jobs using 'parallel' executor
[0.370s] DEBUG:colcon.colcon_parallel_executor.executor.parallel:run_until_complete
[0.370s] INFO:colcon.colcon_ros.task.ament_cmake.build:Building ROS package in '/home/kunal-jazzy/edge_ws/src/edge_robot_description' with build type 'ament_cmake'
[0.370s] INFO:colcon.colcon_cmake.task.cmake.build:Building CMake package in '/home/kunal-jazzy/edge_ws/src/edge_robot_description'
[0.372s] INFO:colcon.colcon_core.plugin_system:Skipping extension 'colcon_core.shell.bat': Not used on non-Windows systems
[0.373s] INFO:colcon.colcon_core.shell:Skip shell extension 'powershell' for command environment: Not usable outside of PowerShell
[0.373s] DEBUG:colcon.colcon_core.shell:Skip shell extension 'dsv' for command environment
[0.381s] INFO:colcon.colcon_ros.task.ament_python.build:Building ROS package in '/home/kunal-jazzy/edge_ws/src/robot_control' with build type 'ament_python'
[0.381s] Level 1:colcon.colcon_core.shell:create_environment_hook('robot_control', 'ament_prefix_path')
[0.381s] INFO:colcon.colcon_core.shell:Creating environment hook '/home/kunal-jazzy/edge_ws/install/robot_control/share/robot_control/hook/ament_prefix_path.ps1'
[0.383s] INFO:colcon.colcon_core.shell:Creating environment descriptor '/home/kunal-jazzy/edge_ws/install/robot_control/share/robot_control/hook/ament_prefix_path.dsv'
[0.383s] INFO:colcon.colcon_core.shell:Creating environment hook '/home/kunal-jazzy/edge_ws/install/robot_control/share/robot_control/hook/ament_prefix_path.sh'
[0.384s] INFO:colcon.colcon_core.shell:Skip shell extension 'powershell' for command environment: Not usable outside of PowerShell
[0.384s] DEBUG:colcon.colcon_core.shell:Skip shell extension 'dsv' for command environment
[0.397s] DEBUG:colcon.colcon_core.event_handler.log_command:Invoking command in '/home/kunal-jazzy/edge_ws/build/edge_robot_description': CMAKE_PREFIX_PATH=${CMAKE_PREFIX_PATH}:/home/kunal-jazzy/ros2_ws/install/leadshine_control:/home/kunal-jazzy/ROS2-Camera-Visualization/install/four_control:/home/kunal-jazzy/edge_ws/install/robot_control:/opt/ros/jazzy DEBUGINFOD_URLS=https://debuginfod.ubuntu.com /usr/bin/cmake /home/kunal-jazzy/edge_ws/src/edge_robot_description -DAMENT_CMAKE_SYMLINK_INSTALL=1 -DCMAKE_INSTALL_PREFIX=/home/kunal-jazzy/edge_ws/install/edge_robot_description
[0.749s] INFO:colcon.colcon_core.task.python.build:Building Python package in '/home/kunal-jazzy/edge_ws/src/robot_control'
[0.749s] INFO:colcon.colcon_core.shell:Skip shell extension 'powershell' for command environment: Not usable outside of PowerShell
[0.749s] DEBUG:colcon.colcon_core.shell:Skip shell extension 'dsv' for command environment
[1.679s] DEBUG:colcon.colcon_core.event_handler.log_command:Invoked command in '/home/kunal-jazzy/edge_ws/build/edge_robot_description' returned '0': CMAKE_PREFIX_PATH=${CMAKE_PREFIX_PATH}:/home/kunal-jazzy/ros2_ws/install/leadshine_control:/home/kunal-jazzy/ROS2-Camera-Visualization/install/four_control:/home/kunal-jazzy/edge_ws/install/robot_control:/opt/ros/jazzy DEBUGINFOD_URLS=https://debuginfod.ubuntu.com /usr/bin/cmake /home/kunal-jazzy/edge_ws/src/edge_robot_description -DAMENT_CMAKE_SYMLINK_INSTALL=1 -DCMAKE_INSTALL_PREFIX=/home/kunal-jazzy/edge_ws/install/edge_robot_description
[1.682s] DEBUG:colcon.colcon_core.event_handler.log_command:Invoking command in '/home/kunal-jazzy/edge_ws/build/edge_robot_description': CMAKE_PREFIX_PATH=${CMAKE_PREFIX_PATH}:/home/kunal-jazzy/ros2_ws/install/leadshine_control:/home/kunal-jazzy/ROS2-Camera-Visualization/install/four_control:/home/kunal-jazzy/edge_ws/install/robot_control:/opt/ros/jazzy DEBUGINFOD_URLS=https://debuginfod.ubuntu.com /usr/bin/cmake --build /home/kunal-jazzy/edge_ws/build/edge_robot_description -- -j12 -l12
[1.687s] DEBUG:colcon.colcon_core.event_handler.log_command:Invoking command in '/home/kunal-jazzy/edge_ws/build/robot_control': DEBUGINFOD_URLS=https://debuginfod.ubuntu.com PYTHONPATH=/home/kunal-jazzy/edge_ws/build/robot_control/prefix_override:/usr/lib/python3/dist-packages/colcon_core/task/python/colcon_distutils_commands:/home/kunal-jazzy/edge_ws/install/robot_control/lib/python3.12/site-packages:${PYTHONPATH} /usr/bin/python3 -W ignore:setup.py install is deprecated -W ignore:easy_install command is deprecated setup.py develop --editable --build-directory /home/kunal-jazzy/edge_ws/build/robot_control/build --no-deps symlink_data
[1.749s] DEBUG:colcon.colcon_core.event_handler.log_command:Invoked command in '/home/kunal-jazzy/edge_ws/build/edge_robot_description' returned '0': CMAKE_PREFIX_PATH=${CMAKE_PREFIX_PATH}:/home/kunal-jazzy/ros2_ws/install/leadshine_control:/home/kunal-jazzy/ROS2-Camera-Visualization/install/four_control:/home/kunal-jazzy/edge_ws/install/robot_control:/opt/ros/jazzy DEBUGINFOD_URLS=https://debuginfod.ubuntu.com /usr/bin/cmake --build /home/kunal-jazzy/edge_ws/build/edge_robot_description -- -j12 -l12
[1.765s] DEBUG:colcon.colcon_core.event_handler.log_command:Invoking command in '/home/kunal-jazzy/edge_ws/build/edge_robot_description': CMAKE_PREFIX_PATH=${CMAKE_PREFIX_PATH}:/home/kunal-jazzy/ros2_ws/install/leadshine_control:/home/kunal-jazzy/ROS2-Camera-Visualization/install/four_control:/home/kunal-jazzy/edge_ws/install/robot_control:/opt/ros/jazzy DEBUGINFOD_URLS=https://debuginfod.ubuntu.com /usr/bin/cmake --install /home/kunal-jazzy/edge_ws/build/edge_robot_description
[2.022s] Level 1:colcon.colcon_core.environment:create_environment_scripts_only(edge_robot_description)
[2.023s] DEBUG:colcon.colcon_core.event_handler.log_command:Invoked command in '/home/kunal-jazzy/edge_ws/build/edge_robot_description' returned '0': CMAKE_PREFIX_PATH=${CMAKE_PREFIX_PATH}:/home/kunal-jazzy/ros2_ws/install/leadshine_control:/home/kunal-jazzy/ROS2-Camera-Visualization/install/four_control:/home/kunal-jazzy/edge_ws/install/robot_control:/opt/ros/jazzy DEBUGINFOD_URLS=https://debuginfod.ubuntu.com /usr/bin/cmake --install /home/kunal-jazzy/edge_ws/build/edge_robot_description
[2.026s] Level 1:colcon.colcon_core.environment:checking '/home/kunal-jazzy/edge_ws/install/edge_robot_description' for CMake module files
[2.026s] Level 1:colcon.colcon_core.environment:checking '/home/kunal-jazzy/edge_ws/install/edge_robot_description' for CMake config files
[2.027s] Level 1:colcon.colcon_core.shell:create_environment_hook('edge_robot_description', 'cmake_prefix_path')
[2.027s] INFO:colcon.colcon_core.shell:Creating environment hook '/home/kunal-jazzy/edge_ws/install/edge_robot_description/share/edge_robot_description/hook/cmake_prefix_path.ps1'
[2.027s] INFO:colcon.colcon_core.shell:Creating environment descriptor '/home/kunal-jazzy/edge_ws/install/edge_robot_description/share/edge_robot_description/hook/cmake_prefix_path.dsv'
[2.028s] INFO:colcon.colcon_core.shell:Creating environment hook '/home/kunal-jazzy/edge_ws/install/edge_robot_description/share/edge_robot_description/hook/cmake_prefix_path.sh'
[2.029s] Level 1:colcon.colcon_core.environment:checking '/home/kunal-jazzy/edge_ws/install/edge_robot_description/bin'
[2.029s] Level 1:colcon.colcon_core.environment:checking '/home/kunal-jazzy/edge_ws/install/edge_robot_description/lib/pkgconfig/edge_robot_description.pc'
[2.029s] Level 1:colcon.colcon_core.environment:checking '/home/kunal-jazzy/edge_ws/install/edge_robot_description/lib/python3.12/site-packages'
[2.030s] Level 1:colcon.colcon_core.environment:checking '/home/kunal-jazzy/edge_ws/install/edge_robot_description/bin'
[2.030s] INFO:colcon.colcon_core.shell:Creating package script '/home/kunal-jazzy/edge_ws/install/edge_robot_description/share/edge_robot_description/package.ps1'
[2.047s] INFO:colcon.colcon_core.shell:Creating package descriptor '/home/kunal-jazzy/edge_ws/install/edge_robot_description/share/edge_robot_description/package.dsv'
[2.048s] INFO:colcon.colcon_core.shell:Creating package script '/home/kunal-jazzy/edge_ws/install/edge_robot_description/share/edge_robot_description/package.sh'
[2.049s] INFO:colcon.colcon_core.shell:Creating package script '/home/kunal-jazzy/edge_ws/install/edge_robot_description/share/edge_robot_description/package.bash'
[2.049s] INFO:colcon.colcon_core.shell:Creating package script '/home/kunal-jazzy/edge_ws/install/edge_robot_description/share/edge_robot_description/package.zsh'
[2.050s] Level 1:colcon.colcon_core.environment:create_file_with_runtime_dependencies(/home/kunal-jazzy/edge_ws/install/edge_robot_description/share/colcon-core/packages/edge_robot_description)
[2.051s] Level 1:colcon.colcon_core.environment:create_environment_scripts_only(edge_robot_description)
[2.051s] Level 1:colcon.colcon_core.environment:checking '/home/kunal-jazzy/edge_ws/install/edge_robot_description' for CMake module files
[2.052s] Level 1:colcon.colcon_core.environment:checking '/home/kunal-jazzy/edge_ws/install/edge_robot_description' for CMake config files
[2.052s] Level 1:colcon.colcon_core.shell:create_environment_hook('edge_robot_description', 'cmake_prefix_path')
[2.052s] INFO:colcon.colcon_core.shell:Creating environment hook '/home/kunal-jazzy/edge_ws/install/edge_robot_description/share/edge_robot_description/hook/cmake_prefix_path.ps1'
[2.053s] INFO:colcon.colcon_core.shell:Creating environment descriptor '/home/kunal-jazzy/edge_ws/install/edge_robot_description/share/edge_robot_description/hook/cmake_prefix_path.dsv'
[2.053s] INFO:colcon.colcon_core.shell:Creating environment hook '/home/kunal-jazzy/edge_ws/install/edge_robot_description/share/edge_robot_description/hook/cmake_prefix_path.sh'
[2.054s] Level 1:colcon.colcon_core.environment:checking '/home/kunal-jazzy/edge_ws/install/edge_robot_description/bin'
[2.054s] Level 1:colcon.colcon_core.environment:checking '/home/kunal-jazzy/edge_ws/install/edge_robot_description/lib/pkgconfig/edge_robot_description.pc'
[2.054s] Level 1:colcon.colcon_core.environment:checking '/home/kunal-jazzy/edge_ws/install/edge_robot_description/lib/python3.12/site-packages'
[2.055s] Level 1:colcon.colcon_core.environment:checking '/home/kunal-jazzy/edge_ws/install/edge_robot_description/bin'
[2.055s] INFO:colcon.colcon_core.shell:Creating package script '/home/kunal-jazzy/edge_ws/install/edge_robot_description/share/edge_robot_description/package.ps1'
[2.056s] INFO:colcon.colcon_core.shell:Creating package descriptor '/home/kunal-jazzy/edge_ws/install/edge_robot_description/share/edge_robot_description/package.dsv'
[2.056s] INFO:colcon.colcon_core.shell:Creating package script '/home/kunal-jazzy/edge_ws/install/edge_robot_description/share/edge_robot_description/package.sh'
[2.057s] INFO:colcon.colcon_core.shell:Creating package script '/home/kunal-jazzy/edge_ws/install/edge_robot_description/share/edge_robot_description/package.bash'
[2.057s] INFO:colcon.colcon_core.shell:Creating package script '/home/kunal-jazzy/edge_ws/install/edge_robot_description/share/edge_robot_description/package.zsh'
[2.057s] Level 1:colcon.colcon_core.environment:create_file_with_runtime_dependencies(/home/kunal-jazzy/edge_ws/install/edge_robot_description/share/colcon-core/packages/edge_robot_description)
[2.058s] INFO:colcon.colcon_ros.task.ament_cmake.build:Building ROS package in '/home/kunal-jazzy/edge_ws/src/edge_robot_bringup' with build type 'ament_cmake'
[2.058s] INFO:colcon.colcon_cmake.task.cmake.build:Building CMake package in '/home/kunal-jazzy/edge_ws/src/edge_robot_bringup'
[2.058s] INFO:colcon.colcon_core.shell:Skip shell extension 'powershell' for command environment: Not usable outside of PowerShell
[2.058s] DEBUG:colcon.colcon_core.shell:Skip shell extension 'dsv' for command environment
[2.077s] DEBUG:colcon.colcon_core.event_handler.log_command:Invoking command in '/home/kunal-jazzy/edge_ws/build/edge_robot_bringup': CMAKE_PREFIX_PATH=/home/kunal-jazzy/edge_ws/install/edge_robot_description:/home/kunal-jazzy/ros2_ws/install/ydlidar_sdk:/home/kunal-jazzy/ros2_ws/install/ydlidar_ros2_driver:/home/kunal-jazzy/ros2_ws/install/sllidar_ros2:/home/kunal-jazzy/ros2_ws/install/rf2o_laser_odometry:/home/kunal-jazzy/ROS2-Camera-Visualization/install/four_worlds:/home/kunal-jazzy/ROS2-Camera-Visualization/install/four_control_bringup:/home/kunal-jazzy/ROS2-Camera-Visualization/install/four_wheel_description:/home/kunal-jazzy/nav_ws/install/navigation_pkg:/home/kunal-jazzy/ros2_arm/install/ros2_arm:/home/kunal-jazzy/ros2_arm/install/arm_description:/home/kunal-jazzy/edge_ws/install/edge_ws:/home/kunal-jazzy/edge_ws/install/edge_robot_bringup:/opt/ros/jazzy/opt/gz_sim_vendor:/opt/ros/jazzy/opt/gz_sensors_vendor:/opt/ros/jazzy/opt/gz_physics_vendor:/opt/ros/jazzy/opt/sdformat_vendor:/opt/ros/jazzy/opt/gz_gui_vendor:/opt/ros/jazzy/opt/gz_transport_vendor:/opt/ros/jazzy/opt/gz_rendering_vendor:/opt/ros/jazzy/opt/gz_plugin_vendor:/opt/ros/jazzy/opt/gz_fuel_tools_vendor:/opt/ros/jazzy/opt/gz_msgs_vendor:/opt/ros/jazzy/opt/gz_common_vendor:/opt/ros/jazzy/opt/gz_math_vendor:/opt/ros/jazzy/opt/gz_utils_vendor:/opt/ros/jazzy/opt/gz_tools_vendor:/opt/ros/jazzy/opt/gz_ogre_next_vendor:/opt/ros/jazzy/opt/gz_dartsim_vendor:/opt/ros/jazzy/opt/gz_cmake_vendor:/home/kunal-jazzy/ros2_ws/install/leadshine_control:/home/kunal-jazzy/ROS2-Camera-Visualization/install/four_control:/home/kunal-jazzy/edge_ws/install/robot_control:/opt/ros/jazzy DEBUGINFOD_URLS=https://debuginfod.ubuntu.com /usr/bin/cmake /home/kunal-jazzy/edge_ws/src/edge_robot_bringup -DAMENT_CMAKE_SYMLINK_INSTALL=1 -DCMAKE_INSTALL_PREFIX=/home/kunal-jazzy/edge_ws/install/edge_robot_bringup
[2.807s] Level 1:colcon.colcon_core.shell:create_environment_hook('robot_control', 'pythonpath_develop')
[2.808s] INFO:colcon.colcon_core.shell:Creating environment hook '/home/kunal-jazzy/edge_ws/build/robot_control/share/robot_control/hook/pythonpath_develop.ps1'
[2.809s] DEBUG:colcon.colcon_core.event_handler.log_command:Invoked command in '/home/kunal-jazzy/edge_ws/build/robot_control' returned '0': DEBUGINFOD_URLS=https://debuginfod.ubuntu.com PYTHONPATH=/home/kunal-jazzy/edge_ws/build/robot_control/prefix_override:/usr/lib/python3/dist-packages/colcon_core/task/python/colcon_distutils_commands:/home/kunal-jazzy/edge_ws/install/robot_control/lib/python3.12/site-packages:${PYTHONPATH} /usr/bin/python3 -W ignore:setup.py install is deprecated -W ignore:easy_install command is deprecated setup.py develop --editable --build-directory /home/kunal-jazzy/edge_ws/build/robot_control/build --no-deps symlink_data
[2.810s] INFO:colcon.colcon_core.shell:Creating environment descriptor '/home/kunal-jazzy/edge_ws/build/robot_control/share/robot_control/hook/pythonpath_develop.dsv'
[2.811s] INFO:colcon.colcon_core.shell:Creating environment hook '/home/kunal-jazzy/edge_ws/build/robot_control/share/robot_control/hook/pythonpath_develop.sh'
[2.813s] Level 1:colcon.colcon_core.environment:checking '/home/kunal-jazzy/edge_ws/install/robot_control' for CMake module files
[2.814s] Level 1:colcon.colcon_core.environment:checking '/home/kunal-jazzy/edge_ws/install/robot_control' for CMake config files
[2.815s] Level 1:colcon.colcon_core.environment:checking '/home/kunal-jazzy/edge_ws/install/robot_control/lib'
[2.816s] Level 1:colcon.colcon_core.environment:checking '/home/kunal-jazzy/edge_ws/install/robot_control/bin'
[2.816s] Level 1:colcon.colcon_core.environment:checking '/home/kunal-jazzy/edge_ws/install/robot_control/lib/pkgconfig/robot_control.pc'
[2.817s] Level 1:colcon.colcon_core.environment:checking '/home/kunal-jazzy/edge_ws/install/robot_control/lib/python3.12/site-packages'
[2.817s] Level 1:colcon.colcon_core.shell:create_environment_hook('robot_control', 'pythonpath')
[2.817s] INFO:colcon.colcon_core.shell:Creating environment hook '/home/kunal-jazzy/edge_ws/install/robot_control/share/robot_control/hook/pythonpath.ps1'
[2.819s] INFO:colcon.colcon_core.shell:Creating environment descriptor '/home/kunal-jazzy/edge_ws/install/robot_control/share/robot_control/hook/pythonpath.dsv'
[2.819s] INFO:colcon.colcon_core.shell:Creating environment hook '/home/kunal-jazzy/edge_ws/install/robot_control/share/robot_control/hook/pythonpath.sh'
[2.821s] Level 1:colcon.colcon_core.environment:checking '/home/kunal-jazzy/edge_ws/install/robot_control/bin'
[2.821s] Level 1:colcon.colcon_core.environment:create_environment_scripts_only(robot_control)
[2.822s] INFO:colcon.colcon_core.shell:Creating package script '/home/kunal-jazzy/edge_ws/install/robot_control/share/robot_control/package.ps1'
[2.824s] INFO:colcon.colcon_core.shell:Creating package descriptor '/home/kunal-jazzy/edge_ws/install/robot_control/share/robot_control/package.dsv'
[2.825s] INFO:colcon.colcon_core.shell:Creating package script '/home/kunal-jazzy/edge_ws/install/robot_control/share/robot_control/package.sh'
[2.827s] INFO:colcon.colcon_core.shell:Creating package script '/home/kunal-jazzy/edge_ws/install/robot_control/share/robot_control/package.bash'
[2.828s] INFO:colcon.colcon_core.shell:Creating package script '/home/kunal-jazzy/edge_ws/install/robot_control/share/robot_control/package.zsh'
[2.829s] Level 1:colcon.colcon_core.environment:create_file_with_runtime_dependencies(/home/kunal-jazzy/edge_ws/install/robot_control/share/colcon-core/packages/robot_control)
[3.672s] DEBUG:colcon.colcon_core.event_handler.log_command:Invoked command in '/home/kunal-jazzy/edge_ws/build/edge_robot_bringup' returned '0': CMAKE_PREFIX_PATH=/home/kunal-jazzy/edge_ws/install/edge_robot_description:/home/kunal-jazzy/ros2_ws/install/ydlidar_sdk:/home/kunal-jazzy/ros2_ws/install/ydlidar_ros2_driver:/home/kunal-jazzy/ros2_ws/install/sllidar_ros2:/home/kunal-jazzy/ros2_ws/install/rf2o_laser_odometry:/home/kunal-jazzy/ROS2-Camera-Visualization/install/four_worlds:/home/kunal-jazzy/ROS2-Camera-Visualization/install/four_control_bringup:/home/kunal-jazzy/ROS2-Camera-Visualization/install/four_wheel_description:/home/kunal-jazzy/nav_ws/install/navigation_pkg:/home/kunal-jazzy/ros2_arm/install/ros2_arm:/home/kunal-jazzy/ros2_arm/install/arm_description:/home/kunal-jazzy/edge_ws/install/edge_ws:/home/kunal-jazzy/edge_ws/install/edge_robot_bringup:/opt/ros/jazzy/opt/gz_sim_vendor:/opt/ros/jazzy/opt/gz_sensors_vendor:/opt/ros/jazzy/opt/gz_physics_vendor:/opt/ros/jazzy/opt/sdformat_vendor:/opt/ros/jazzy/opt/gz_gui_vendor:/opt/ros/jazzy/opt/gz_transport_vendor:/opt/ros/jazzy/opt/gz_rendering_vendor:/opt/ros/jazzy/opt/gz_plugin_vendor:/opt/ros/jazzy/opt/gz_fuel_tools_vendor:/opt/ros/jazzy/opt/gz_msgs_vendor:/opt/ros/jazzy/opt/gz_common_vendor:/opt/ros/jazzy/opt/gz_math_vendor:/opt/ros/jazzy/opt/gz_utils_vendor:/opt/ros/jazzy/opt/gz_tools_vendor:/opt/ros/jazzy/opt/gz_ogre_next_vendor:/opt/ros/jazzy/opt/gz_dartsim_vendor:/opt/ros/jazzy/opt/gz_cmake_vendor:/home/kunal-jazzy/ros2_ws/install/leadshine_control:/home/kunal-jazzy/ROS2-Camera-Visualization/install/four_control:/home/kunal-jazzy/edge_ws/install/robot_control:/opt/ros/jazzy DEBUGINFOD_URLS=https://debuginfod.ubuntu.com /usr/bin/cmake /home/kunal-jazzy/edge_ws/src/edge_robot_bringup -DAMENT_CMAKE_SYMLINK_INSTALL=1 -DCMAKE_INSTALL_PREFIX=/home/kunal-jazzy/edge_ws/install/edge_robot_bringup
[3.674s] DEBUG:colcon.colcon_core.event_handler.log_command:Invoking command in '/home/kunal-jazzy/edge_ws/build/edge_robot_bringup': CMAKE_PREFIX_PATH=/home/kunal-jazzy/edge_ws/install/edge_robot_description:/home/kunal-jazzy/ros2_ws/install/ydlidar_sdk:/home/kunal-jazzy/ros2_ws/install/ydlidar_ros2_driver:/home/kunal-jazzy/ros2_ws/install/sllidar_ros2:/home/kunal-jazzy/ros2_ws/install/rf2o_laser_odometry:/home/kunal-jazzy/ROS2-Camera-Visualization/install/four_worlds:/home/kunal-jazzy/ROS2-Camera-Visualization/install/four_control_bringup:/home/kunal-jazzy/ROS2-Camera-Visualization/install/four_wheel_description:/home/kunal-jazzy/nav_ws/install/navigation_pkg:/home/kunal-jazzy/ros2_arm/install/ros2_arm:/home/kunal-jazzy/ros2_arm/install/arm_description:/home/kunal-jazzy/edge_ws/install/edge_ws:/home/kunal-jazzy/edge_ws/install/edge_robot_bringup:/opt/ros/jazzy/opt/gz_sim_vendor:/opt/ros/jazzy/opt/gz_sensors_vendor:/opt/ros/jazzy/opt/gz_physics_vendor:/opt/ros/jazzy/opt/sdformat_vendor:/opt/ros/jazzy/opt/gz_gui_vendor:/opt/ros/jazzy/opt/gz_transport_vendor:/opt/ros/jazzy/opt/gz_rendering_vendor:/opt/ros/jazzy/opt/gz_plugin_vendor:/opt/ros/jazzy/opt/gz_fuel_tools_vendor:/opt/ros/jazzy/opt/gz_msgs_vendor:/opt/ros/jazzy/opt/gz_common_vendor:/opt/ros/jazzy/opt/gz_math_vendor:/opt/ros/jazzy/opt/gz_utils_vendor:/opt/ros/jazzy/opt/gz_tools_vendor:/opt/ros/jazzy/opt/gz_ogre_next_vendor:/opt/ros/jazzy/opt/gz_dartsim_vendor:/opt/ros/jazzy/opt/gz_cmake_vendor:/home/kunal-jazzy/ros2_ws/install/leadshine_control:/home/kunal-jazzy/ROS2-Camera-Visualization/install/four_control:/home/kunal-jazzy/edge_ws/install/robot_control:/opt/ros/jazzy DEBUGINFOD_URLS=https://debuginfod.ubuntu.com /usr/bin/cmake --build /home/kunal-jazzy/edge_ws/build/edge_robot_bringup -- -j12 -l12
[3.759s] DEBUG:colcon.colcon_core.event_handler.log_command:Invoked command in '/home/kunal-jazzy/edge_ws/build/edge_robot_bringup' returned '0': CMAKE_PREFIX_PATH=/home/kunal-jazzy/edge_ws/install/edge_robot_description:/home/kunal-jazzy/ros2_ws/install/ydlidar_sdk:/home/kunal-jazzy/ros2_ws/install/ydlidar_ros2_driver:/home/kunal-jazzy/ros2_ws/install/sllidar_ros2:/home/kunal-jazzy/ros2_ws/install/rf2o_laser_odometry:/home/kunal-jazzy/ROS2-Camera-Visualization/install/four_worlds:/home/kunal-jazzy/ROS2-Camera-Visualization/install/four_control_bringup:/home/kunal-jazzy/ROS2-Camera-Visualization/install/four_wheel_description:/home/kunal-jazzy/nav_ws/install/navigation_pkg:/home/kunal-jazzy/ros2_arm/install/ros2_arm:/home/kunal-jazzy/ros2_arm/install/arm_description:/home/kunal-jazzy/edge_ws/install/edge_ws:/home/kunal-jazzy/edge_ws/install/edge_robot_bringup:/opt/ros/jazzy/opt/gz_sim_vendor:/opt/ros/jazzy/opt/gz_sensors_vendor:/opt/ros/jazzy/opt/gz_physics_vendor:/opt/ros/jazzy/opt/sdformat_vendor:/opt/ros/jazzy/opt/gz_gui_vendor:/opt/ros/jazzy/opt/gz_transport_vendor:/opt/ros/jazzy/opt/gz_rendering_vendor:/opt/ros/jazzy/opt/gz_plugin_vendor:/opt/ros/jazzy/opt/gz_fuel_tools_vendor:/opt/ros/jazzy/opt/gz_msgs_vendor:/opt/ros/jazzy/opt/gz_common_vendor:/opt/ros/jazzy/opt/gz_math_vendor:/opt/ros/jazzy/opt/gz_utils_vendor:/opt/ros/jazzy/opt/gz_tools_vendor:/opt/ros/jazzy/opt/gz_ogre_next_vendor:/opt/ros/jazzy/opt/gz_dartsim_vendor:/opt/ros/jazzy/opt/gz_cmake_vendor:/home/kunal-jazzy/ros2_ws/install/leadshine_control:/home/kunal-jazzy/ROS2-Camera-Visualization/install/four_control:/home/kunal-jazzy/edge_ws/install/robot_control:/opt/ros/jazzy DEBUGINFOD_URLS=https://debuginfod.ubuntu.com /usr/bin/cmake --build /home/kunal-jazzy/edge_ws/build/edge_robot_bringup -- -j12 -l12
[3.762s] DEBUG:colcon.colcon_core.event_handler.log_command:Invoking command in '/home/kunal-jazzy/edge_ws/build/edge_robot_bringup': CMAKE_PREFIX_PATH=/home/kunal-jazzy/edge_ws/install/edge_robot_description:/home/kunal-jazzy/ros2_ws/install/ydlidar_sdk:/home/kunal-jazzy/ros2_ws/install/ydlidar_ros2_driver:/home/kunal-jazzy/ros2_ws/install/sllidar_ros2:/home/kunal-jazzy/ros2_ws/install/rf2o_laser_odometry:/home/kunal-jazzy/ROS2-Camera-Visualization/install/four_worlds:/home/kunal-jazzy/ROS2-Camera-Visualization/install/four_control_bringup:/home/kunal-jazzy/ROS2-Camera-Visualization/install/four_wheel_description:/home/kunal-jazzy/nav_ws/install/navigation_pkg:/home/kunal-jazzy/ros2_arm/install/ros2_arm:/home/kunal-jazzy/ros2_arm/install/arm_description:/home/kunal-jazzy/edge_ws/install/edge_ws:/home/kunal-jazzy/edge_ws/install/edge_robot_bringup:/opt/ros/jazzy/opt/gz_sim_vendor:/opt/ros/jazzy/opt/gz_sensors_vendor:/opt/ros/jazzy/opt/gz_physics_vendor:/opt/ros/jazzy/opt/sdformat_vendor:/opt/ros/jazzy/opt/gz_gui_vendor:/opt/ros/jazzy/opt/gz_transport_vendor:/opt/ros/jazzy/opt/gz_rendering_vendor:/opt/ros/jazzy/opt/gz_plugin_vendor:/opt/ros/jazzy/opt/gz_fuel_tools_vendor:/opt/ros/jazzy/opt/gz_msgs_vendor:/opt/ros/jazzy/opt/gz_common_vendor:/opt/ros/jazzy/opt/gz_math_vendor:/opt/ros/jazzy/opt/gz_utils_vendor:/opt/ros/jazzy/opt/gz_tools_vendor:/opt/ros/jazzy/opt/gz_ogre_next_vendor:/opt/ros/jazzy/opt/gz_dartsim_vendor:/opt/ros/jazzy/opt/gz_cmake_vendor:/home/kunal-jazzy/ros2_ws/install/leadshine_control:/home/kunal-jazzy/ROS2-Camera-Visualization/install/four_control:/home/kunal-jazzy/edge_ws/install/robot_control:/opt/ros/jazzy DEBUGINFOD_URLS=https://debuginfod.ubuntu.com /usr/bin/cmake --install /home/kunal-jazzy/edge_ws/build/edge_robot_bringup
[4.121s] Level 1:colcon.colcon_core.environment:create_environment_scripts_only(edge_robot_bringup)
[4.122s] Level 1:colcon.colcon_core.environment:checking '/home/kunal-jazzy/edge_ws/install/edge_robot_bringup' for CMake module files
[4.123s] DEBUG:colcon.colcon_core.event_handler.log_command:Invoked command in '/home/kunal-jazzy/edge_ws/build/edge_robot_bringup' returned '0': CMAKE_PREFIX_PATH=/home/kunal-jazzy/edge_ws/install/edge_robot_description:/home/kunal-jazzy/ros2_ws/install/ydlidar_sdk:/home/kunal-jazzy/ros2_ws/install/ydlidar_ros2_driver:/home/kunal-jazzy/ros2_ws/install/sllidar_ros2:/home/kunal-jazzy/ros2_ws/install/rf2o_laser_odometry:/home/kunal-jazzy/ROS2-Camera-Visualization/install/four_worlds:/home/kunal-jazzy/ROS2-Camera-Visualization/install/four_control_bringup:/home/kunal-jazzy/ROS2-Camera-Visualization/install/four_wheel_description:/home/kunal-jazzy/nav_ws/install/navigation_pkg:/home/kunal-jazzy/ros2_arm/install/ros2_arm:/home/kunal-jazzy/ros2_arm/install/arm_description:/home/kunal-jazzy/edge_ws/install/edge_ws:/home/kunal-jazzy/edge_ws/install/edge_robot_bringup:/opt/ros/jazzy/opt/gz_sim_vendor:/opt/ros/jazzy/opt/gz_sensors_vendor:/opt/ros/jazzy/opt/gz_physics_vendor:/opt/ros/jazzy/opt/sdformat_vendor:/opt/ros/jazzy/opt/gz_gui_vendor:/opt/ros/jazzy/opt/gz_transport_vendor:/opt/ros/jazzy/opt/gz_rendering_vendor:/opt/ros/jazzy/opt/gz_plugin_vendor:/opt/ros/jazzy/opt/gz_fuel_tools_vendor:/opt/ros/jazzy/opt/gz_msgs_vendor:/opt/ros/jazzy/opt/gz_common_vendor:/opt/ros/jazzy/opt/gz_math_vendor:/opt/ros/jazzy/opt/gz_utils_vendor:/opt/ros/jazzy/opt/gz_tools_vendor:/opt/ros/jazzy/opt/gz_ogre_next_vendor:/opt/ros/jazzy/opt/gz_dartsim_vendor:/opt/ros/jazzy/opt/gz_cmake_vendor:/home/kunal-jazzy/ros2_ws/install/leadshine_control:/home/kunal-jazzy/ROS2-Camera-Visualization/install/four_control:/home/kunal-jazzy/edge_ws/install/robot_control:/opt/ros/jazzy DEBUGINFOD_URLS=https://debuginfod.ubuntu.com /usr/bin/cmake --install /home/kunal-jazzy/edge_ws/build/edge_robot_bringup
[4.123s] Level 1:colcon.colcon_core.environment:checking '/home/kunal-jazzy/edge_ws/install/edge_robot_bringup' for CMake config files
[4.124s] Level 1:colcon.colcon_core.shell:create_environment_hook('edge_robot_bringup', 'cmake_prefix_path')
[4.124s] INFO:colcon.colcon_core.shell:Creating environment hook '/home/kunal-jazzy/edge_ws/install/edge_robot_bringup/share/edge_robot_bringup/hook/cmake_prefix_path.ps1'
[4.125s] INFO:colcon.colcon_core.shell:Creating environment descriptor '/home/kunal-jazzy/edge_ws/install/edge_robot_bringup/share/edge_robot_bringup/hook/cmake_prefix_path.dsv'
[4.125s] INFO:colcon.colcon_core.shell:Creating environment hook '/home/kunal-jazzy/edge_ws/install/edge_robot_bringup/share/edge_robot_bringup/hook/cmake_prefix_path.sh'
[4.126s] Level 1:colcon.colcon_core.environment:checking '/home/kunal-jazzy/edge_ws/install/edge_robot_bringup/bin'
[4.126s] Level 1:colcon.colcon_core.environment:checking '/home/kunal-jazzy/edge_ws/install/edge_robot_bringup/lib/pkgconfig/edge_robot_bringup.pc'
[4.126s] Level 1:colcon.colcon_core.environment:checking '/home/kunal-jazzy/edge_ws/install/edge_robot_bringup/lib/python3.12/site-packages'
[4.127s] Level 1:colcon.colcon_core.environment:checking '/home/kunal-jazzy/edge_ws/install/edge_robot_bringup/bin'
[4.127s] INFO:colcon.colcon_core.shell:Creating package script '/home/kunal-jazzy/edge_ws/install/edge_robot_bringup/share/edge_robot_bringup/package.ps1'
[4.128s] INFO:colcon.colcon_core.shell:Creating package descriptor '/home/kunal-jazzy/edge_ws/install/edge_robot_bringup/share/edge_robot_bringup/package.dsv'
[4.129s] INFO:colcon.colcon_core.shell:Creating package script '/home/kunal-jazzy/edge_ws/install/edge_robot_bringup/share/edge_robot_bringup/package.sh'
[4.129s] INFO:colcon.colcon_core.shell:Creating package script '/home/kunal-jazzy/edge_ws/install/edge_robot_bringup/share/edge_robot_bringup/package.bash'
[4.130s] INFO:colcon.colcon_core.shell:Creating package script '/home/kunal-jazzy/edge_ws/install/edge_robot_bringup/share/edge_robot_bringup/package.zsh'
[4.130s] Level 1:colcon.colcon_core.environment:create_file_with_runtime_dependencies(/home/kunal-jazzy/edge_ws/install/edge_robot_bringup/share/colcon-core/packages/edge_robot_bringup)
[4.131s] Level 1:colcon.colcon_core.environment:create_environment_scripts_only(edge_robot_bringup)
[4.131s] Level 1:colcon.colcon_core.environment:checking '/home/kunal-jazzy/edge_ws/install/edge_robot_bringup' for CMake module files
[4.132s] Level 1:colcon.colcon_core.environment:checking '/home/kunal-jazzy/edge_ws/install/edge_robot_bringup' for CMake config files
[4.132s] Level 1:colcon.colcon_core.shell:create_environment_hook('edge_robot_bringup', 'cmake_prefix_path')
[4.132s] INFO:colcon.colcon_core.shell:Creating environment hook '/home/kunal-jazzy/edge_ws/install/edge_robot_bringup/share/edge_robot_bringup/hook/cmake_prefix_path.ps1'
[4.133s] INFO:colcon.colcon_core.shell:Creating environment descriptor '/home/kunal-jazzy/edge_ws/install/edge_robot_bringup/share/edge_robot_bringup/hook/cmake_prefix_path.dsv'
[4.133s] INFO:colcon.colcon_core.shell:Creating environment hook '/home/kunal-jazzy/edge_ws/install/edge_robot_bringup/share/edge_robot_bringup/hook/cmake_prefix_path.sh'
[4.134s] Level 1:colcon.colcon_core.environment:checking '/home/kunal-jazzy/edge_ws/install/edge_robot_bringup/bin'
[4.134s] Level 1:colcon.colcon_core.environment:checking '/home/kunal-jazzy/edge_ws/install/edge_robot_bringup/lib/pkgconfig/edge_robot_bringup.pc'
[4.135s] Level 1:colcon.colcon_core.environment:checking '/home/kunal-jazzy/edge_ws/install/edge_robot_bringup/lib/python3.12/site-packages'
[4.135s] Level 1:colcon.colcon_core.environment:checking '/home/kunal-jazzy/edge_ws/install/edge_robot_bringup/bin'
[4.135s] INFO:colcon.colcon_core.shell:Creating package script '/home/kunal-jazzy/edge_ws/install/edge_robot_bringup/share/edge_robot_bringup/package.ps1'
[4.136s] INFO:colcon.colcon_core.shell:Creating package descriptor '/home/kunal-jazzy/edge_ws/install/edge_robot_bringup/share/edge_robot_bringup/package.dsv'
[4.137s] INFO:colcon.colcon_core.shell:Creating package script '/home/kunal-jazzy/edge_ws/install/edge_robot_bringup/share/edge_robot_bringup/package.sh'
[4.137s] INFO:colcon.colcon_core.shell:Creating package script '/home/kunal-jazzy/edge_ws/install/edge_robot_bringup/share/edge_robot_bringup/package.bash'
[4.138s] INFO:colcon.colcon_core.shell:Creating package script '/home/kunal-jazzy/edge_ws/install/edge_robot_bringup/share/edge_robot_bringup/package.zsh'
[4.138s] Level 1:colcon.colcon_core.environment:create_file_with_runtime_dependencies(/home/kunal-jazzy/edge_ws/install/edge_robot_bringup/share/colcon-core/packages/edge_robot_bringup)
[4.139s] INFO:colcon.colcon_ros.task.ament_cmake.build:Building ROS package in '/home/kunal-jazzy/edge_ws/src/edge_ws' with build type 'ament_cmake'
[4.139s] INFO:colcon.colcon_cmake.task.cmake.build:Building CMake package in '/home/kunal-jazzy/edge_ws/src/edge_ws'
[4.139s] INFO:colcon.colcon_core.shell:Skip shell extension 'powershell' for command environment: Not usable outside of PowerShell
[4.139s] DEBUG:colcon.colcon_core.shell:Skip shell extension 'dsv' for command environment
[4.167s] DEBUG:colcon.colcon_core.event_handler.log_command:Invoking command in '/home/kunal-jazzy/edge_ws/build/edge_ws': AMENT_PREFIX_PATH=/home/kunal-jazzy/edge_ws/install/robot_control:/home/kunal-jazzy/ros2_ws/install/ydlidar_ros2_driver:/home/kunal-jazzy/ros2_ws/install/sllidar_ros2:/home/kunal-jazzy/ros2_ws/install/rf2o_laser_odometry:/home/kunal-jazzy/ros2_ws/install/leadshine_control:/home/kunal-jazzy/ROS2-Camera-Visualization/install/four_worlds:/home/kunal-jazzy/ROS2-Camera-Visualization/install/four_control_bringup:/home/kunal-jazzy/ROS2-Camera-Visualization/install/four_wheel_description:/home/kunal-jazzy/ROS2-Camera-Visualization/install/four_control:/home/kunal-jazzy/nav_ws/install/navigation_pkg:/home/kunal-jazzy/ros2_arm/install/ros2_arm:/home/kunal-jazzy/ros2_arm/install/arm_description:/home/kunal-jazzy/edge_ws/install/edge_ws:/home/kunal-jazzy/edge_ws/install/edge_robot_bringup:/home/kunal-jazzy/edge_ws/install/edge_robot_description:/opt/ros/jazzy CMAKE_PREFIX_PATH=/home/kunal-jazzy/edge_ws/install/edge_robot_bringup:/home/kunal-jazzy/edge_ws/install/edge_robot_description:/home/kunal-jazzy/ros2_ws/install/ydlidar_sdk:/home/kunal-jazzy/ros2_ws/install/ydlidar_ros2_driver:/home/kunal-jazzy/ros2_ws/install/sllidar_ros2:/home/kunal-jazzy/ros2_ws/install/rf2o_laser_odometry:/home/kunal-jazzy/ROS2-Camera-Visualization/install/four_worlds:/home/kunal-jazzy/ROS2-Camera-Visualization/install/four_control_bringup:/home/kunal-jazzy/ROS2-Camera-Visualization/install/four_wheel_description:/home/kunal-jazzy/nav_ws/install/navigation_pkg:/home/kunal-jazzy/ros2_arm/install/ros2_arm:/home/kunal-jazzy/ros2_arm/install/arm_description:/home/kunal-jazzy/edge_ws/install/edge_ws:/opt/ros/jazzy/opt/gz_sim_vendor:/opt/ros/jazzy/opt/gz_sensors_vendor:/opt/ros/jazzy/opt/gz_physics_vendor:/opt/ros/jazzy/opt/sdformat_vendor:/opt/ros/jazzy/opt/gz_gui_vendor:/opt/ros/jazzy/opt/gz_transport_vendor:/opt/ros/jazzy/opt/gz_rendering_vendor:/opt/ros/jazzy/opt/gz_plugin_vendor:/opt/ros/jazzy/opt/gz_fuel_tools_vendor:/opt/ros/jazzy/opt/gz_msgs_vendor:/opt/ros/jazzy/opt/gz_common_vendor:/opt/ros/jazzy/opt/gz_math_vendor:/opt/ros/jazzy/opt/gz_utils_vendor:/opt/ros/jazzy/opt/gz_tools_vendor:/opt/ros/jazzy/opt/gz_ogre_next_vendor:/opt/ros/jazzy/opt/gz_dartsim_vendor:/opt/ros/jazzy/opt/gz_cmake_vendor:/home/kunal-jazzy/ros2_ws/install/leadshine_control:/home/kunal-jazzy/ROS2-Camera-Visualization/install/four_control:/home/kunal-jazzy/edge_ws/install/robot_control:/opt/ros/jazzy DEBUGINFOD_URLS=https://debuginfod.ubuntu.com PYTHONPATH=/home/kunal-jazzy/edge_ws/build/robot_control:/home/kunal-jazzy/edge_ws/install/robot_control/lib/python3.12/site-packages:/home/kunal-jazzy/ros2_ws/build/leadshine_control:/home/kunal-jazzy/ros2_ws/install/leadshine_control/lib/python3.12/site-packages:/home/kunal-jazzy/ROS2-Camera-Visualization/install/four_control/lib/python3.12/site-packages:/home/kunal-jazzy/nav_ws/install/navigation_pkg/lib/python3.12/site-packages:/opt/ros/jazzy/lib/python3.12/site-packages /usr/bin/cmake /home/kunal-jazzy/edge_ws/src/edge_ws -DAMENT_CMAKE_SYMLINK_INSTALL=1 -DCMAKE_INSTALL_PREFIX=/home/kunal-jazzy/edge_ws/install/edge_ws
[5.403s] DEBUG:colcon.colcon_core.event_handler.log_command:Invoked command in '/home/kunal-jazzy/edge_ws/build/edge_ws' returned '0': AMENT_PREFIX_PATH=/home/kunal-jazzy/edge_ws/install/robot_control:/home/kunal-jazzy/ros2_ws/install/ydlidar_ros2_driver:/home/kunal-jazzy/ros2_ws/install/sllidar_ros2:/home/kunal-jazzy/ros2_ws/install/rf2o_laser_odometry:/home/kunal-jazzy/ros2_ws/install/leadshine_control:/home/kunal-jazzy/ROS2-Camera-Visualization/install/four_worlds:/home/kunal-jazzy/ROS2-Camera-Visualization/install/four_control_bringup:/home/kunal-jazzy/ROS2-Camera-Visualization/install/four_wheel_description:/home/kunal-jazzy/ROS2-Camera-Visualization/install/four_control:/home/kunal-jazzy/nav_ws/install/navigation_pkg:/home/kunal-jazzy/ros2_arm/install/ros2_arm:/home/kunal-jazzy/ros2_arm/install/arm_description:/home/kunal-jazzy/edge_ws/install/edge_ws:/home/kunal-jazzy/edge_ws/install/edge_robot_bringup:/home/kunal-jazzy/edge_ws/install/edge_robot_description:/opt/ros/jazzy CMAKE_PREFIX_PATH=/home/kunal-jazzy/edge_ws/install/edge_robot_bringup:/home/kunal-jazzy/edge_ws/install/edge_robot_description:/home/kunal-jazzy/ros2_ws/install/ydlidar_sdk:/home/kunal-jazzy/ros2_ws/install/ydlidar_ros2_driver:/home/kunal-jazzy/ros2_ws/install/sllidar_ros2:/home/kunal-jazzy/ros2_ws/install/rf2o_laser_odometry:/home/kunal-jazzy/ROS2-Camera-Visualization/install/four_worlds:/home/kunal-jazzy/ROS2-Camera-Visualization/install/four_control_bringup:/home/kunal-jazzy/ROS2-Camera-Visualization/install/four_wheel_description:/home/kunal-jazzy/nav_ws/install/navigation_pkg:/home/kunal-jazzy/ros2_arm/install/ros2_arm:/home/kunal-jazzy/ros2_arm/install/arm_description:/home/kunal-jazzy/edge_ws/install/edge_ws:/opt/ros/jazzy/opt/gz_sim_vendor:/opt/ros/jazzy/opt/gz_sensors_vendor:/opt/ros/jazzy/opt/gz_physics_vendor:/opt/ros/jazzy/opt/sdformat_vendor:/opt/ros/jazzy/opt/gz_gui_vendor:/opt/ros/jazzy/opt/gz_transport_vendor:/opt/ros/jazzy/opt/gz_rendering_vendor:/opt/ros/jazzy/opt/gz_plugin_vendor:/opt/ros/jazzy/opt/gz_fuel_tools_vendor:/opt/ros/jazzy/opt/gz_msgs_vendor:/opt/ros/jazzy/opt/gz_common_vendor:/opt/ros/jazzy/opt/gz_math_vendor:/opt/ros/jazzy/opt/gz_utils_vendor:/opt/ros/jazzy/opt/gz_tools_vendor:/opt/ros/jazzy/opt/gz_ogre_next_vendor:/opt/ros/jazzy/opt/gz_dartsim_vendor:/opt/ros/jazzy/opt/gz_cmake_vendor:/home/kunal-jazzy/ros2_ws/install/leadshine_control:/home/kunal-jazzy/ROS2-Camera-Visualization/install/four_control:/home/kunal-jazzy/edge_ws/install/robot_control:/opt/ros/jazzy DEBUGINFOD_URLS=https://debuginfod.ubuntu.com PYTHONPATH=/home/kunal-jazzy/edge_ws/build/robot_control:/home/kunal-jazzy/edge_ws/install/robot_control/lib/python3.12/site-packages:/home/kunal-jazzy/ros2_ws/build/leadshine_control:/home/kunal-jazzy/ros2_ws/install/leadshine_control/lib/python3.12/site-packages:/home/kunal-jazzy/ROS2-Camera-Visualization/install/four_control/lib/python3.12/site-packages:/home/kunal-jazzy/nav_ws/install/navigation_pkg/lib/python3.12/site-packages:/opt/ros/jazzy/lib/python3.12/site-packages /usr/bin/cmake /home/kunal-jazzy/edge_ws/src/edge_ws -DAMENT_CMAKE_SYMLINK_INSTALL=1 -DCMAKE_INSTALL_PREFIX=/home/kunal-jazzy/edge_ws/install/edge_ws
[5.404s] DEBUG:colcon.colcon_core.event_handler.log_command:Invoking command in '/home/kunal-jazzy/edge_ws/build/edge_ws': AMENT_PREFIX_PATH=/home/kunal-jazzy/edge_ws/install/robot_control:/home/kunal-jazzy/ros2_ws/install/ydlidar_ros2_driver:/home/kunal-jazzy/ros2_ws/install/sllidar_ros2:/home/kunal-jazzy/ros2_ws/install/rf2o_laser_odometry:/home/kunal-jazzy/ros2_ws/install/leadshine_control:/home/kunal-jazzy/ROS2-Camera-Visualization/install/four_worlds:/home/kunal-jazzy/ROS2-Camera-Visualization/install/four_control_bringup:/home/kunal-jazzy/ROS2-Camera-Visualization/install/four_wheel_description:/home/kunal-jazzy/ROS2-Camera-Visualization/install/four_control:/home/kunal-jazzy/nav_ws/install/navigation_pkg:/home/kunal-jazzy/ros2_arm/install/ros2_arm:/home/kunal-jazzy/ros2_arm/install/arm_description:/home/kunal-jazzy/edge_ws/install/edge_ws:/home/kunal-jazzy/edge_ws/install/edge_robot_bringup:/home/kunal-jazzy/edge_ws/install/edge_robot_description:/opt/ros/jazzy CMAKE_PREFIX_PATH=/home/kunal-jazzy/edge_ws/install/edge_robot_bringup:/home/kunal-jazzy/edge_ws/install/edge_robot_description:/home/kunal-jazzy/ros2_ws/install/ydlidar_sdk:/home/kunal-jazzy/ros2_ws/install/ydlidar_ros2_driver:/home/kunal-jazzy/ros2_ws/install/sllidar_ros2:/home/kunal-jazzy/ros2_ws/install/rf2o_laser_odometry:/home/kunal-jazzy/ROS2-Camera-Visualization/install/four_worlds:/home/kunal-jazzy/ROS2-Camera-Visualization/install/four_control_bringup:/home/kunal-jazzy/ROS2-Camera-Visualization/install/four_wheel_description:/home/kunal-jazzy/nav_ws/install/navigation_pkg:/home/kunal-jazzy/ros2_arm/install/ros2_arm:/home/kunal-jazzy/ros2_arm/install/arm_description:/home/kunal-jazzy/edge_ws/install/edge_ws:/opt/ros/jazzy/opt/gz_sim_vendor:/opt/ros/jazzy/opt/gz_sensors_vendor:/opt/ros/jazzy/opt/gz_physics_vendor:/opt/ros/jazzy/opt/sdformat_vendor:/opt/ros/jazzy/opt/gz_gui_vendor:/opt/ros/jazzy/opt/gz_transport_vendor:/opt/ros/jazzy/opt/gz_rendering_vendor:/opt/ros/jazzy/opt/gz_plugin_vendor:/opt/ros/jazzy/opt/gz_fuel_tools_vendor:/opt/ros/jazzy/opt/gz_msgs_vendor:/opt/ros/jazzy/opt/gz_common_vendor:/opt/ros/jazzy/opt/gz_math_vendor:/opt/ros/jazzy/opt/gz_utils_vendor:/opt/ros/jazzy/opt/gz_tools_vendor:/opt/ros/jazzy/opt/gz_ogre_next_vendor:/opt/ros/jazzy/opt/gz_dartsim_vendor:/opt/ros/jazzy/opt/gz_cmake_vendor:/home/kunal-jazzy/ros2_ws/install/leadshine_control:/home/kunal-jazzy/ROS2-Camera-Visualization/install/four_control:/home/kunal-jazzy/edge_ws/install/robot_control:/opt/ros/jazzy DEBUGINFOD_URLS=https://debuginfod.ubuntu.com PYTHONPATH=/home/kunal-jazzy/edge_ws/build/robot_control:/home/kunal-jazzy/edge_ws/install/robot_control/lib/python3.12/site-packages:/home/kunal-jazzy/ros2_ws/build/leadshine_control:/home/kunal-jazzy/ros2_ws/install/leadshine_control/lib/python3.12/site-packages:/home/kunal-jazzy/ROS2-Camera-Visualization/install/four_control/lib/python3.12/site-packages:/home/kunal-jazzy/nav_ws/install/navigation_pkg/lib/python3.12/site-packages:/opt/ros/jazzy/lib/python3.12/site-packages /usr/bin/cmake --build /home/kunal-jazzy/edge_ws/build/edge_ws -- -j12 -l12
[5.460s] DEBUG:colcon.colcon_core.event_handler.log_command:Invoked command in '/home/kunal-jazzy/edge_ws/build/edge_ws' returned '0': AMENT_PREFIX_PATH=/home/kunal-jazzy/edge_ws/install/robot_control:/home/kunal-jazzy/ros2_ws/install/ydlidar_ros2_driver:/home/kunal-jazzy/ros2_ws/install/sllidar_ros2:/home/kunal-jazzy/ros2_ws/install/rf2o_laser_odometry:/home/kunal-jazzy/ros2_ws/install/leadshine_control:/home/kunal-jazzy/ROS2-Camera-Visualization/install/four_worlds:/home/kunal-jazzy/ROS2-Camera-Visualization/install/four_control_bringup:/home/kunal-jazzy/ROS2-Camera-Visualization/install/four_wheel_description:/home/kunal-jazzy/ROS2-Camera-Visualization/install/four_control:/home/kunal-jazzy/nav_ws/install/navigation_pkg:/home/kunal-jazzy/ros2_arm/install/ros2_arm:/home/kunal-jazzy/ros2_arm/install/arm_description:/home/kunal-jazzy/edge_ws/install/edge_ws:/home/kunal-jazzy/edge_ws/install/edge_robot_bringup:/home/kunal-jazzy/edge_ws/install/edge_robot_description:/opt/ros/jazzy CMAKE_PREFIX_PATH=/home/kunal-jazzy/edge_ws/install/edge_robot_bringup:/home/kunal-jazzy/edge_ws/install/edge_robot_description:/home/kunal-jazzy/ros2_ws/install/ydlidar_sdk:/home/kunal-jazzy/ros2_ws/install/ydlidar_ros2_driver:/home/kunal-jazzy/ros2_ws/install/sllidar_ros2:/home/kunal-jazzy/ros2_ws/install/rf2o_laser_odometry:/home/kunal-jazzy/ROS2-Camera-Visualization/install/four_worlds:/home/kunal-jazzy/ROS2-Camera-Visualization/install/four_control_bringup:/home/kunal-jazzy/ROS2-Camera-Visualization/install/four_wheel_description:/home/kunal-jazzy/nav_ws/install/navigation_pkg:/home/kunal-jazzy/ros2_arm/install/ros2_arm:/home/kunal-jazzy/ros2_arm/install/arm_description:/home/kunal-jazzy/edge_ws/install/edge_ws:/opt/ros/jazzy/opt/gz_sim_vendor:/opt/ros/jazzy/opt/gz_sensors_vendor:/opt/ros/jazzy/opt/gz_physics_vendor:/opt/ros/jazzy/opt/sdformat_vendor:/opt/ros/jazzy/opt/gz_gui_vendor:/opt/ros/jazzy/opt/gz_transport_vendor:/opt/ros/jazzy/opt/gz_rendering_vendor:/opt/ros/jazzy/opt/gz_plugin_vendor:/opt/ros/jazzy/opt/gz_fuel_tools_vendor:/opt/ros/jazzy/opt/gz_msgs_vendor:/opt/ros/jazzy/opt/gz_common_vendor:/opt/ros/jazzy/opt/gz_math_vendor:/opt/ros/jazzy/opt/gz_utils_vendor:/opt/ros/jazzy/opt/gz_tools_vendor:/opt/ros/jazzy/opt/gz_ogre_next_vendor:/opt/ros/jazzy/opt/gz_dartsim_vendor:/opt/ros/jazzy/opt/gz_cmake_vendor:/home/kunal-jazzy/ros2_ws/install/leadshine_control:/home/kunal-jazzy/ROS2-Camera-Visualization/install/four_control:/home/kunal-jazzy/edge_ws/install/robot_control:/opt/ros/jazzy DEBUGINFOD_URLS=https://debuginfod.ubuntu.com PYTHONPATH=/home/kunal-jazzy/edge_ws/build/robot_control:/home/kunal-jazzy/edge_ws/install/robot_control/lib/python3.12/site-packages:/home/kunal-jazzy/ros2_ws/build/leadshine_control:/home/kunal-jazzy/ros2_ws/install/leadshine_control/lib/python3.12/site-packages:/home/kunal-jazzy/ROS2-Camera-Visualization/install/four_control/lib/python3.12/site-packages:/home/kunal-jazzy/nav_ws/install/navigation_pkg/lib/python3.12/site-packages:/opt/ros/jazzy/lib/python3.12/site-packages /usr/bin/cmake --build /home/kunal-jazzy/edge_ws/build/edge_ws -- -j12 -l12
[5.461s] DEBUG:colcon.colcon_core.event_handler.log_command:Invoking command in '/home/kunal-jazzy/edge_ws/build/edge_ws': AMENT_PREFIX_PATH=/home/kunal-jazzy/edge_ws/install/robot_control:/home/kunal-jazzy/ros2_ws/install/ydlidar_ros2_driver:/home/kunal-jazzy/ros2_ws/install/sllidar_ros2:/home/kunal-jazzy/ros2_ws/install/rf2o_laser_odometry:/home/kunal-jazzy/ros2_ws/install/leadshine_control:/home/kunal-jazzy/ROS2-Camera-Visualization/install/four_worlds:/home/kunal-jazzy/ROS2-Camera-Visualization/install/four_control_bringup:/home/kunal-jazzy/ROS2-Camera-Visualization/install/four_wheel_description:/home/kunal-jazzy/ROS2-Camera-Visualization/install/four_control:/home/kunal-jazzy/nav_ws/install/navigation_pkg:/home/kunal-jazzy/ros2_arm/install/ros2_arm:/home/kunal-jazzy/ros2_arm/install/arm_description:/home/kunal-jazzy/edge_ws/install/edge_ws:/home/kunal-jazzy/edge_ws/install/edge_robot_bringup:/home/kunal-jazzy/edge_ws/install/edge_robot_description:/opt/ros/jazzy CMAKE_PREFIX_PATH=/home/kunal-jazzy/edge_ws/install/edge_robot_bringup:/home/kunal-jazzy/edge_ws/install/edge_robot_description:/home/kunal-jazzy/ros2_ws/install/ydlidar_sdk:/home/kunal-jazzy/ros2_ws/install/ydlidar_ros2_driver:/home/kunal-jazzy/ros2_ws/install/sllidar_ros2:/home/kunal-jazzy/ros2_ws/install/rf2o_laser_odometry:/home/kunal-jazzy/ROS2-Camera-Visualization/install/four_worlds:/home/kunal-jazzy/ROS2-Camera-Visualization/install/four_control_bringup:/home/kunal-jazzy/ROS2-Camera-Visualization/install/four_wheel_description:/home/kunal-jazzy/nav_ws/install/navigation_pkg:/home/kunal-jazzy/ros2_arm/install/ros2_arm:/home/kunal-jazzy/ros2_arm/install/arm_description:/home/kunal-jazzy/edge_ws/install/edge_ws:/opt/ros/jazzy/opt/gz_sim_vendor:/opt/ros/jazzy/opt/gz_sensors_vendor:/opt/ros/jazzy/opt/gz_physics_vendor:/opt/ros/jazzy/opt/sdformat_vendor:/opt/ros/jazzy/opt/gz_gui_vendor:/opt/ros/jazzy/opt/gz_transport_vendor:/opt/ros/jazzy/opt/gz_rendering_vendor:/opt/ros/jazzy/opt/gz_plugin_vendor:/opt/ros/jazzy/opt/gz_fuel_tools_vendor:/opt/ros/jazzy/opt/gz_msgs_vendor:/opt/ros/jazzy/opt/gz_common_vendor:/opt/ros/jazzy/opt/gz_math_vendor:/opt/ros/jazzy/opt/gz_utils_vendor:/opt/ros/jazzy/opt/gz_tools_vendor:/opt/ros/jazzy/opt/gz_ogre_next_vendor:/opt/ros/jazzy/opt/gz_dartsim_vendor:/opt/ros/jazzy/opt/gz_cmake_vendor:/home/kunal-jazzy/ros2_ws/install/leadshine_control:/home/kunal-jazzy/ROS2-Camera-Visualization/install/four_control:/home/kunal-jazzy/edge_ws/install/robot_control:/opt/ros/jazzy DEBUGINFOD_URLS=https://debuginfod.ubuntu.com PYTHONPATH=/home/kunal-jazzy/edge_ws/build/robot_control:/home/kunal-jazzy/edge_ws/install/robot_control/lib/python3.12/site-packages:/home/kunal-jazzy/ros2_ws/build/leadshine_control:/home/kunal-jazzy/ros2_ws/install/leadshine_control/lib/python3.12/site-packages:/home/kunal-jazzy/ROS2-Camera-Visualization/install/four_control/lib/python3.12/site-packages:/home/kunal-jazzy/nav_ws/install/navigation_pkg/lib/python3.12/site-packages:/opt/ros/jazzy/lib/python3.12/site-packages /usr/bin/cmake --install /home/kunal-jazzy/edge_ws/build/edge_ws
[5.652s] Level 1:colcon.colcon_core.environment:create_environment_scripts_only(edge_ws)
[5.653s] Level 1:colcon.colcon_core.environment:checking '/home/kunal-jazzy/edge_ws/install/edge_ws' for CMake module files
[5.653s] DEBUG:colcon.colcon_core.event_handler.log_command:Invoked command in '/home/kunal-jazzy/edge_ws/build/edge_ws' returned '0': AMENT_PREFIX_PATH=/home/kunal-jazzy/edge_ws/install/robot_control:/home/kunal-jazzy/ros2_ws/install/ydlidar_ros2_driver:/home/kunal-jazzy/ros2_ws/install/sllidar_ros2:/home/kunal-jazzy/ros2_ws/install/rf2o_laser_odometry:/home/kunal-jazzy/ros2_ws/install/leadshine_control:/home/kunal-jazzy/ROS2-Camera-Visualization/install/four_worlds:/home/kunal-jazzy/ROS2-Camera-Visualization/install/four_control_bringup:/home/kunal-jazzy/ROS2-Camera-Visualization/install/four_wheel_description:/home/kunal-jazzy/ROS2-Camera-Visualization/install/four_control:/home/kunal-jazzy/nav_ws/install/navigation_pkg:/home/kunal-jazzy/ros2_arm/install/ros2_arm:/home/kunal-jazzy/ros2_arm/install/arm_description:/home/kunal-jazzy/edge_ws/install/edge_ws:/home/kunal-jazzy/edge_ws/install/edge_robot_bringup:/home/kunal-jazzy/edge_ws/install/edge_robot_description:/opt/ros/jazzy CMAKE_PREFIX_PATH=/home/kunal-jazzy/edge_ws/install/edge_robot_bringup:/home/kunal-jazzy/edge_ws/install/edge_robot_description:/home/kunal-jazzy/ros2_ws/install/ydlidar_sdk:/home/kunal-jazzy/ros2_ws/install/ydlidar_ros2_driver:/home/kunal-jazzy/ros2_ws/install/sllidar_ros2:/home/kunal-jazzy/ros2_ws/install/rf2o_laser_odometry:/home/kunal-jazzy/ROS2-Camera-Visualization/install/four_worlds:/home/kunal-jazzy/ROS2-Camera-Visualization/install/four_control_bringup:/home/kunal-jazzy/ROS2-Camera-Visualization/install/four_wheel_description:/home/kunal-jazzy/nav_ws/install/navigation_pkg:/home/kunal-jazzy/ros2_arm/install/ros2_arm:/home/kunal-jazzy/ros2_arm/install/arm_description:/home/kunal-jazzy/edge_ws/install/edge_ws:/opt/ros/jazzy/opt/gz_sim_vendor:/opt/ros/jazzy/opt/gz_sensors_vendor:/opt/ros/jazzy/opt/gz_physics_vendor:/opt/ros/jazzy/opt/sdformat_vendor:/opt/ros/jazzy/opt/gz_gui_vendor:/opt/ros/jazzy/opt/gz_transport_vendor:/opt/ros/jazzy/opt/gz_rendering_vendor:/opt/ros/jazzy/opt/gz_plugin_vendor:/opt/ros/jazzy/opt/gz_fuel_tools_vendor:/opt/ros/jazzy/opt/gz_msgs_vendor:/opt/ros/jazzy/opt/gz_common_vendor:/opt/ros/jazzy/opt/gz_math_vendor:/opt/ros/jazzy/opt/gz_utils_vendor:/opt/ros/jazzy/opt/gz_tools_vendor:/opt/ros/jazzy/opt/gz_ogre_next_vendor:/opt/ros/jazzy/opt/gz_dartsim_vendor:/opt/ros/jazzy/opt/gz_cmake_vendor:/home/kunal-jazzy/ros2_ws/install/leadshine_control:/home/kunal-jazzy/ROS2-Camera-Visualization/install/four_control:/home/kunal-jazzy/edge_ws/install/robot_control:/opt/ros/jazzy DEBUGINFOD_URLS=https://debuginfod.ubuntu.com PYTHONPATH=/home/kunal-jazzy/edge_ws/build/robot_control:/home/kunal-jazzy/edge_ws/install/robot_control/lib/python3.12/site-packages:/home/kunal-jazzy/ros2_ws/build/leadshine_control:/home/kunal-jazzy/ros2_ws/install/leadshine_control/lib/python3.12/site-packages:/home/kunal-jazzy/ROS2-Camera-Visualization/install/four_control/lib/python3.12/site-packages:/home/kunal-jazzy/nav_ws/install/navigation_pkg/lib/python3.12/site-packages:/opt/ros/jazzy/lib/python3.12/site-packages /usr/bin/cmake --install /home/kunal-jazzy/edge_ws/build/edge_ws
[5.654s] Level 1:colcon.colcon_core.environment:checking '/home/kunal-jazzy/edge_ws/install/edge_ws' for CMake config files
[5.654s] Level 1:colcon.colcon_core.shell:create_environment_hook('edge_ws', 'cmake_prefix_path')
[5.655s] INFO:colcon.colcon_core.shell:Creating environment hook '/home/kunal-jazzy/edge_ws/install/edge_ws/share/edge_ws/hook/cmake_prefix_path.ps1'
[5.655s] INFO:colcon.colcon_core.shell:Creating environment descriptor '/home/kunal-jazzy/edge_ws/install/edge_ws/share/edge_ws/hook/cmake_prefix_path.dsv'
[5.656s] INFO:colcon.colcon_core.shell:Creating environment hook '/home/kunal-jazzy/edge_ws/install/edge_ws/share/edge_ws/hook/cmake_prefix_path.sh'
[5.656s] Level 1:colcon.colcon_core.environment:checking '/home/kunal-jazzy/edge_ws/install/edge_ws/bin'
[5.656s] Level 1:colcon.colcon_core.environment:checking '/home/kunal-jazzy/edge_ws/install/edge_ws/lib/pkgconfig/edge_ws.pc'
[5.657s] Level 1:colcon.colcon_core.environment:checking '/home/kunal-jazzy/edge_ws/install/edge_ws/lib/python3.12/site-packages'
[5.657s] Level 1:colcon.colcon_core.environment:checking '/home/kunal-jazzy/edge_ws/install/edge_ws/bin'
[5.657s] INFO:colcon.colcon_core.shell:Creating package script '/home/kunal-jazzy/edge_ws/install/edge_ws/share/edge_ws/package.ps1'
[5.658s] INFO:colcon.colcon_core.shell:Creating package descriptor '/home/kunal-jazzy/edge_ws/install/edge_ws/share/edge_ws/package.dsv'
[5.659s] INFO:colcon.colcon_core.shell:Creating package script '/home/kunal-jazzy/edge_ws/install/edge_ws/share/edge_ws/package.sh'
[5.659s] INFO:colcon.colcon_core.shell:Creating package script '/home/kunal-jazzy/edge_ws/install/edge_ws/share/edge_ws/package.bash'
[5.659s] INFO:colcon.colcon_core.shell:Creating package script '/home/kunal-jazzy/edge_ws/install/edge_ws/share/edge_ws/package.zsh'
[5.660s] Level 1:colcon.colcon_core.environment:create_file_with_runtime_dependencies(/home/kunal-jazzy/edge_ws/install/edge_ws/share/colcon-core/packages/edge_ws)
[5.660s] Level 1:colcon.colcon_core.environment:create_environment_scripts_only(edge_ws)
[5.660s] Level 1:colcon.colcon_core.environment:checking '/home/kunal-jazzy/edge_ws/install/edge_ws' for CMake module files
[5.661s] Level 1:colcon.colcon_core.environment:checking '/home/kunal-jazzy/edge_ws/install/edge_ws' for CMake config files
[5.661s] Level 1:colcon.colcon_core.shell:create_environment_hook('edge_ws', 'cmake_prefix_path')
[5.661s] INFO:colcon.colcon_core.shell:Creating environment hook '/home/kunal-jazzy/edge_ws/install/edge_ws/share/edge_ws/hook/cmake_prefix_path.ps1'
[5.662s] INFO:colcon.colcon_core.shell:Creating environment descriptor '/home/kunal-jazzy/edge_ws/install/edge_ws/share/edge_ws/hook/cmake_prefix_path.dsv'
[5.662s] INFO:colcon.colcon_core.shell:Creating environment hook '/home/kunal-jazzy/edge_ws/install/edge_ws/share/edge_ws/hook/cmake_prefix_path.sh'
[5.663s] Level 1:colcon.colcon_core.environment:checking '/home/kunal-jazzy/edge_ws/install/edge_ws/bin'
[5.663s] Level 1:colcon.colcon_core.environment:checking '/home/kunal-jazzy/edge_ws/install/edge_ws/lib/pkgconfig/edge_ws.pc'
[5.663s] Level 1:colcon.colcon_core.environment:checking '/home/kunal-jazzy/edge_ws/install/edge_ws/lib/python3.12/site-packages'
[5.664s] Level 1:colcon.colcon_core.environment:checking '/home/kunal-jazzy/edge_ws/install/edge_ws/bin'
[5.664s] INFO:colcon.colcon_core.shell:Creating package script '/home/kunal-jazzy/edge_ws/install/edge_ws/share/edge_ws/package.ps1'
[5.664s] INFO:colcon.colcon_core.shell:Creating package descriptor '/home/kunal-jazzy/edge_ws/install/edge_ws/share/edge_ws/package.dsv'
[5.665s] INFO:colcon.colcon_core.shell:Creating package script '/home/kunal-jazzy/edge_ws/install/edge_ws/share/edge_ws/package.sh'
[5.665s] INFO:colcon.colcon_core.shell:Creating package script '/home/kunal-jazzy/edge_ws/install/edge_ws/share/edge_ws/package.bash'
[5.666s] INFO:colcon.colcon_core.shell:Creating package script '/home/kunal-jazzy/edge_ws/install/edge_ws/share/edge_ws/package.zsh'
[5.666s] Level 1:colcon.colcon_core.environment:create_file_with_runtime_dependencies(/home/kunal-jazzy/edge_ws/install/edge_ws/share/colcon-core/packages/edge_ws)
[5.666s] DEBUG:colcon.colcon_parallel_executor.executor.parallel:closing loop
[5.667s] DEBUG:colcon.colcon_parallel_executor.executor.parallel:loop closed
[5.667s] DEBUG:colcon.colcon_parallel_executor.executor.parallel:run_until_complete finished with '0'
[5.667s] DEBUG:colcon.colcon_core.event_reactor:joining thread
[5.675s] INFO:colcon.colcon_core.plugin_system:Skipping extension 'colcon_notification.desktop_notification.terminal_notifier': Not used on non-Darwin systems
[5.675s] INFO:colcon.colcon_core.plugin_system:Skipping extension 'colcon_notification.desktop_notification.win32': Not used on non-Windows systems
[5.675s] INFO:colcon.colcon_notification.desktop_notification:Sending desktop notification using 'notify2'
[5.694s] DEBUG:colcon.colcon_core.event_reactor:joined thread
[5.694s] INFO:colcon.colcon_core.shell:Creating prefix script '/home/kunal-jazzy/edge_ws/install/local_setup.ps1'
[5.696s] INFO:colcon.colcon_core.shell:Creating prefix util module '/home/kunal-jazzy/edge_ws/install/_local_setup_util_ps1.py'
[5.697s] INFO:colcon.colcon_core.shell:Creating prefix chain script '/home/kunal-jazzy/edge_ws/install/setup.ps1'
[5.699s] INFO:colcon.colcon_core.shell:Creating prefix script '/home/kunal-jazzy/edge_ws/install/local_setup.sh'
[5.700s] INFO:colcon.colcon_core.shell:Creating prefix util module '/home/kunal-jazzy/edge_ws/install/_local_setup_util_sh.py'
[5.700s] INFO:colcon.colcon_core.shell:Creating prefix chain script '/home/kunal-jazzy/edge_ws/install/setup.sh'
[5.703s] INFO:colcon.colcon_core.shell:Creating prefix script '/home/kunal-jazzy/edge_ws/install/local_setup.bash'
[5.704s] INFO:colcon.colcon_core.shell:Creating prefix chain script '/home/kunal-jazzy/edge_ws/install/setup.bash'
[5.706s] INFO:colcon.colcon_core.shell:Creating prefix script '/home/kunal-jazzy/edge_ws/install/local_setup.zsh'
[5.707s] INFO:colcon.colcon_core.shell:Creating prefix chain script '/home/kunal-jazzy/edge_ws/install/setup.zsh'
