[0.026s] Invoking command in '/home/kunal-jazzy/edge_ws/build/edge_robot_description': CMAKE_PREFIX_PATH=${CMAKE_PREFIX_PATH}:/home/kunal-jazzy/ros2_ws/install/leadshine_control:/home/kunal-jazzy/ROS2-Camera-Visualization/install/four_control:/home/kunal-jazzy/edge_ws/install/robot_control:/opt/ros/jazzy DEBUGINFOD_URLS=https://debuginfod.ubuntu.com /usr/bin/cmake /home/kunal-jazzy/edge_ws/src/edge_robot_description -DAMENT_CMAKE_SYMLINK_INSTALL=1 -DCMAKE_INSTALL_PREFIX=/home/kunal-jazzy/edge_ws/install/edge_robot_description
[0.116s] -- The C compiler identification is GNU 13.3.0
[0.205s] -- The CXX compiler identification is GNU 13.3.0
[0.233s] -- Detecting C compiler ABI info
[0.370s] -- Detecting C compiler ABI info - done
[0.386s] -- Check for working C compiler: /usr/bin/cc - skipped
[0.388s] -- Detecting C compile features
[0.388s] -- Detecting C compile features - done
[0.403s] -- Detecting CXX compiler ABI info
[0.568s] -- Detecting CXX compiler ABI info - done
[0.589s] -- Check for working CXX compiler: /usr/bin/c++ - skipped
[0.589s] -- Detecting CXX compile features
[0.590s] -- Detecting CXX compile features - done
[0.597s] -- Found ament_cmake: 2.5.6 (/opt/ros/jazzy/share/ament_cmake/cmake)
[0.867s] -- Found Python3: /usr/bin/python3 (found version "3.12.3") found components: Interpreter 
[0.990s] -- Override CMake install command with custom implementation using symlinks instead of copying resources
[1.089s] -- Found ament_lint_auto: 0.17.5 (/opt/ros/jazzy/share/ament_lint_auto/cmake)
[1.288s] -- Added test 'lint_cmake' to check CMake code style
[1.290s] -- Added test 'xmllint' to check XML markup files
[1.293s] -- Configuring done (1.3s)
[1.297s] -- Generating done (0.0s)
[1.299s] -- Build files have been written to: /home/kunal-jazzy/edge_ws/build/edge_robot_description
[1.309s] Invoked command in '/home/kunal-jazzy/edge_ws/build/edge_robot_description' returned '0': CMAKE_PREFIX_PATH=${CMAKE_PREFIX_PATH}:/home/kunal-jazzy/ros2_ws/install/leadshine_control:/home/kunal-jazzy/ROS2-Camera-Visualization/install/four_control:/home/kunal-jazzy/edge_ws/install/robot_control:/opt/ros/jazzy DEBUGINFOD_URLS=https://debuginfod.ubuntu.com /usr/bin/cmake /home/kunal-jazzy/edge_ws/src/edge_robot_description -DAMENT_CMAKE_SYMLINK_INSTALL=1 -DCMAKE_INSTALL_PREFIX=/home/kunal-jazzy/edge_ws/install/edge_robot_description
[1.311s] Invoking command in '/home/kunal-jazzy/edge_ws/build/edge_robot_description': CMAKE_PREFIX_PATH=${CMAKE_PREFIX_PATH}:/home/kunal-jazzy/ros2_ws/install/leadshine_control:/home/kunal-jazzy/ROS2-Camera-Visualization/install/four_control:/home/kunal-jazzy/edge_ws/install/robot_control:/opt/ros/jazzy DEBUGINFOD_URLS=https://debuginfod.ubuntu.com /usr/bin/cmake --build /home/kunal-jazzy/edge_ws/build/edge_robot_description -- -j12 -l12
[1.379s] Invoked command in '/home/kunal-jazzy/edge_ws/build/edge_robot_description' returned '0': CMAKE_PREFIX_PATH=${CMAKE_PREFIX_PATH}:/home/kunal-jazzy/ros2_ws/install/leadshine_control:/home/kunal-jazzy/ROS2-Camera-Visualization/install/four_control:/home/kunal-jazzy/edge_ws/install/robot_control:/opt/ros/jazzy DEBUGINFOD_URLS=https://debuginfod.ubuntu.com /usr/bin/cmake --build /home/kunal-jazzy/edge_ws/build/edge_robot_description -- -j12 -l12
[1.394s] Invoking command in '/home/kunal-jazzy/edge_ws/build/edge_robot_description': CMAKE_PREFIX_PATH=${CMAKE_PREFIX_PATH}:/home/kunal-jazzy/ros2_ws/install/leadshine_control:/home/kunal-jazzy/ROS2-Camera-Visualization/install/four_control:/home/kunal-jazzy/edge_ws/install/robot_control:/opt/ros/jazzy DEBUGINFOD_URLS=https://debuginfod.ubuntu.com /usr/bin/cmake --install /home/kunal-jazzy/edge_ws/build/edge_robot_description
[1.406s] -- Install configuration: ""
[1.406s] -- Execute custom install script
[1.407s] -- Symlinking: /home/kunal-jazzy/edge_ws/install/edge_robot_description/share/edge_robot_description//rviz/urdf_config.rviz
[1.423s] -- Symlinking: /home/kunal-jazzy/edge_ws/install/edge_robot_description/share/edge_robot_description//rviz/visualization_config.rviz
[1.437s] -- Symlinking: /home/kunal-jazzy/edge_ws/install/edge_robot_description/share/edge_robot_description//urdf/model.xacro
[1.450s] -- Symlinking: /home/kunal-jazzy/edge_ws/install/edge_robot_description/share/ament_index/resource_index/package_run_dependencies/edge_robot_description
[1.465s] -- Symlinking: /home/kunal-jazzy/edge_ws/install/edge_robot_description/share/ament_index/resource_index/parent_prefix_path/edge_robot_description
[1.477s] -- Symlinking: /home/kunal-jazzy/edge_ws/install/edge_robot_description/share/edge_robot_description/environment/ament_prefix_path.sh
[1.492s] -- Symlinking: /home/kunal-jazzy/edge_ws/install/edge_robot_description/share/edge_robot_description/environment/ament_prefix_path.dsv
[1.505s] -- Symlinking: /home/kunal-jazzy/edge_ws/install/edge_robot_description/share/edge_robot_description/environment/path.sh
[1.520s] -- Symlinking: /home/kunal-jazzy/edge_ws/install/edge_robot_description/share/edge_robot_description/environment/path.dsv
[1.533s] -- Symlinking: /home/kunal-jazzy/edge_ws/install/edge_robot_description/share/edge_robot_description/local_setup.bash
[1.546s] -- Symlinking: /home/kunal-jazzy/edge_ws/install/edge_robot_description/share/edge_robot_description/local_setup.sh
[1.558s] -- Symlinking: /home/kunal-jazzy/edge_ws/install/edge_robot_description/share/edge_robot_description/local_setup.zsh
[1.570s] -- Symlinking: /home/kunal-jazzy/edge_ws/install/edge_robot_description/share/edge_robot_description/local_setup.dsv
[1.582s] -- Symlinking: /home/kunal-jazzy/edge_ws/install/edge_robot_description/share/edge_robot_description/package.dsv
[1.594s] -- Symlinking: /home/kunal-jazzy/edge_ws/install/edge_robot_description/share/ament_index/resource_index/packages/edge_robot_description
[1.612s] -- Symlinking: /home/kunal-jazzy/edge_ws/install/edge_robot_description/share/edge_robot_description/cmake/edge_robot_descriptionConfig.cmake
[1.625s] -- Symlinking: /home/kunal-jazzy/edge_ws/install/edge_robot_description/share/edge_robot_description/cmake/edge_robot_descriptionConfig-version.cmake
[1.638s] -- Symlinking: /home/kunal-jazzy/edge_ws/install/edge_robot_description/share/edge_robot_description/package.xml
[1.653s] Invoked command in '/home/kunal-jazzy/edge_ws/build/edge_robot_description' returned '0': CMAKE_PREFIX_PATH=${CMAKE_PREFIX_PATH}:/home/kunal-jazzy/ros2_ws/install/leadshine_control:/home/kunal-jazzy/ROS2-Camera-Visualization/install/four_control:/home/kunal-jazzy/edge_ws/install/robot_control:/opt/ros/jazzy DEBUGINFOD_URLS=https://debuginfod.ubuntu.com /usr/bin/cmake --install /home/kunal-jazzy/edge_ws/build/edge_robot_description
