-- The C compiler identification is GNU 13.3.0
-- The CXX compiler identification is GNU 13.3.0
-- Detecting C compiler ABI info
-- Detecting C compiler ABI info - done
-- Check for working C compiler: /usr/bin/cc - skipped
-- Detecting C compile features
-- Detecting C compile features - done
-- Detecting CXX compiler ABI info
-- Detecting CXX compiler ABI info - done
-- Check for working CXX compiler: /usr/bin/c++ - skipped
-- Detecting CXX compile features
-- Detecting CXX compile features - done
-- Found ament_cmake: 2.5.6 (/opt/ros/jazzy/share/ament_cmake/cmake)
-- Found Python3: /usr/bin/python3 (found version "3.12.3") found components: Interpreter 
-- Override CMake install command with custom implementation using symlinks instead of copying resources
-- Found ament_lint_auto: 0.17.5 (/opt/ros/jazzy/share/ament_lint_auto/cmake)
-- Added test 'flake8' to check Python code syntax and style conventions
-- Configured 'flake8' exclude dirs and/or files: 
-- Added test 'lint_cmake' to check CMake code style
-- Added test 'pep257' to check Python code against some of the docstring style conventions in PEP 257
-- Added test 'xmllint' to check XML markup files
-- Configuring done (1.6s)
-- Generating done (0.0s)
-- Build files have been written to: /home/kunal-jazzy/edge_ws/build/edge_robot_bringup
-- Install configuration: ""
-- Execute custom install script
-- Symlinking: /home/kunal-jazzy/edge_ws/install/edge_robot_bringup/share/edge_robot_bringup//launch/robot.launch.py
-- Symlinking: /home/kunal-jazzy/edge_ws/install/edge_robot_bringup/share/edge_robot_bringup//config/gazebo_bridge.yaml
-- Symlinking: /home/kunal-jazzy/edge_ws/install/edge_robot_bringup/share/edge_robot_bringup//world/indoor_robotics_lab.sdf
-- Symlinking: /home/kunal-jazzy/edge_ws/install/edge_robot_bringup/share/edge_robot_bringup//world/table.sdf
-- Symlinking: /home/kunal-jazzy/edge_ws/install/edge_robot_bringup/share/ament_index/resource_index/package_run_dependencies/edge_robot_bringup
-- Symlinking: /home/kunal-jazzy/edge_ws/install/edge_robot_bringup/share/ament_index/resource_index/parent_prefix_path/edge_robot_bringup
-- Symlinking: /home/kunal-jazzy/edge_ws/install/edge_robot_bringup/share/edge_robot_bringup/environment/ament_prefix_path.sh
-- Symlinking: /home/kunal-jazzy/edge_ws/install/edge_robot_bringup/share/edge_robot_bringup/environment/ament_prefix_path.dsv
-- Symlinking: /home/kunal-jazzy/edge_ws/install/edge_robot_bringup/share/edge_robot_bringup/environment/path.sh
-- Symlinking: /home/kunal-jazzy/edge_ws/install/edge_robot_bringup/share/edge_robot_bringup/environment/path.dsv
-- Symlinking: /home/kunal-jazzy/edge_ws/install/edge_robot_bringup/share/edge_robot_bringup/local_setup.bash
-- Symlinking: /home/kunal-jazzy/edge_ws/install/edge_robot_bringup/share/edge_robot_bringup/local_setup.sh
-- Symlinking: /home/kunal-jazzy/edge_ws/install/edge_robot_bringup/share/edge_robot_bringup/local_setup.zsh
-- Symlinking: /home/kunal-jazzy/edge_ws/install/edge_robot_bringup/share/edge_robot_bringup/local_setup.dsv
-- Symlinking: /home/kunal-jazzy/edge_ws/install/edge_robot_bringup/share/edge_robot_bringup/package.dsv
-- Symlinking: /home/kunal-jazzy/edge_ws/install/edge_robot_bringup/share/ament_index/resource_index/packages/edge_robot_bringup
-- Symlinking: /home/kunal-jazzy/edge_ws/install/edge_robot_bringup/share/edge_robot_bringup/cmake/edge_robot_bringupConfig.cmake
-- Symlinking: /home/kunal-jazzy/edge_ws/install/edge_robot_bringup/share/edge_robot_bringup/cmake/edge_robot_bringupConfig-version.cmake
-- Symlinking: /home/kunal-jazzy/edge_ws/install/edge_robot_bringup/share/edge_robot_bringup/package.xml
