[0.018s] Invoking command in '/home/kunal-jazzy/edge_ws/build/edge_robot_bringup': CMAKE_PREFIX_PATH=/home/kunal-jazzy/edge_ws/install/edge_robot_description:/home/kunal-jazzy/ros2_ws/install/ydlidar_sdk:/home/kunal-jazzy/ros2_ws/install/ydlidar_ros2_driver:/home/kunal-jazzy/ros2_ws/install/sllidar_ros2:/home/kunal-jazzy/ros2_ws/install/rf2o_laser_odometry:/home/kunal-jazzy/ROS2-Camera-Visualization/install/four_worlds:/home/kunal-jazzy/ROS2-Camera-Visualization/install/four_control_bringup:/home/kunal-jazzy/ROS2-Camera-Visualization/install/four_wheel_description:/home/kunal-jazzy/nav_ws/install/navigation_pkg:/home/kunal-jazzy/ros2_arm/install/ros2_arm:/home/kunal-jazzy/ros2_arm/install/arm_description:/home/kunal-jazzy/edge_ws/install/edge_ws:/home/kunal-jazzy/edge_ws/install/edge_robot_bringup:/opt/ros/jazzy/opt/gz_sim_vendor:/opt/ros/jazzy/opt/gz_sensors_vendor:/opt/ros/jazzy/opt/gz_physics_vendor:/opt/ros/jazzy/opt/sdformat_vendor:/opt/ros/jazzy/opt/gz_gui_vendor:/opt/ros/jazzy/opt/gz_transport_vendor:/opt/ros/jazzy/opt/gz_rendering_vendor:/opt/ros/jazzy/opt/gz_plugin_vendor:/opt/ros/jazzy/opt/gz_fuel_tools_vendor:/opt/ros/jazzy/opt/gz_msgs_vendor:/opt/ros/jazzy/opt/gz_common_vendor:/opt/ros/jazzy/opt/gz_math_vendor:/opt/ros/jazzy/opt/gz_utils_vendor:/opt/ros/jazzy/opt/gz_tools_vendor:/opt/ros/jazzy/opt/gz_ogre_next_vendor:/opt/ros/jazzy/opt/gz_dartsim_vendor:/opt/ros/jazzy/opt/gz_cmake_vendor:/home/kunal-jazzy/ros2_ws/install/leadshine_control:/home/kunal-jazzy/ROS2-Camera-Visualization/install/four_control:/home/kunal-jazzy/edge_ws/install/robot_control:/opt/ros/jazzy DEBUGINFOD_URLS=https://debuginfod.ubuntu.com /usr/bin/cmake /home/kunal-jazzy/edge_ws/src/edge_robot_bringup -DAMENT_CMAKE_SYMLINK_INSTALL=1 -DCMAKE_INSTALL_PREFIX=/home/kunal-jazzy/edge_ws/install/edge_robot_bringup
[0.125s] -- The C compiler identification is GNU 13.3.0
[0.229s] -- The CXX compiler identification is GNU 13.3.0
[0.257s] -- Detecting C compiler ABI info
[0.422s] -- Detecting C compiler ABI info - done
[0.439s] -- Check for working C compiler: /usr/bin/cc - skipped
[0.439s] -- Detecting C compile features
[0.441s] -- Detecting C compile features - done
[0.457s] -- Detecting CXX compiler ABI info
[0.637s] -- Detecting CXX compiler ABI info - done
[0.656s] -- Check for working CXX compiler: /usr/bin/c++ - skipped
[0.656s] -- Detecting CXX compile features
[0.657s] -- Detecting CXX compile features - done
[0.666s] -- Found ament_cmake: 2.5.6 (/opt/ros/jazzy/share/ament_cmake/cmake)
[1.086s] -- Found Python3: /usr/bin/python3 (found version "3.12.3") found components: Interpreter 
[1.263s] -- Override CMake install command with custom implementation using symlinks instead of copying resources
[1.370s] -- Found ament_lint_auto: 0.17.5 (/opt/ros/jazzy/share/ament_lint_auto/cmake)
[1.590s] -- Added test 'flake8' to check Python code syntax and style conventions
[1.591s] -- Configured 'flake8' exclude dirs and/or files: 
[1.592s] -- Added test 'lint_cmake' to check CMake code style
[1.593s] -- Added test 'pep257' to check Python code against some of the docstring style conventions in PEP 257
[1.596s] -- Added test 'xmllint' to check XML markup files
[1.599s] -- Configuring done (1.6s)
[1.603s] -- Generating done (0.0s)
[1.605s] -- Build files have been written to: /home/kunal-jazzy/edge_ws/build/edge_robot_bringup
[1.613s] Invoked command in '/home/kunal-jazzy/edge_ws/build/edge_robot_bringup' returned '0': CMAKE_PREFIX_PATH=/home/kunal-jazzy/edge_ws/install/edge_robot_description:/home/kunal-jazzy/ros2_ws/install/ydlidar_sdk:/home/kunal-jazzy/ros2_ws/install/ydlidar_ros2_driver:/home/kunal-jazzy/ros2_ws/install/sllidar_ros2:/home/kunal-jazzy/ros2_ws/install/rf2o_laser_odometry:/home/kunal-jazzy/ROS2-Camera-Visualization/install/four_worlds:/home/kunal-jazzy/ROS2-Camera-Visualization/install/four_control_bringup:/home/kunal-jazzy/ROS2-Camera-Visualization/install/four_wheel_description:/home/kunal-jazzy/nav_ws/install/navigation_pkg:/home/kunal-jazzy/ros2_arm/install/ros2_arm:/home/kunal-jazzy/ros2_arm/install/arm_description:/home/kunal-jazzy/edge_ws/install/edge_ws:/home/kunal-jazzy/edge_ws/install/edge_robot_bringup:/opt/ros/jazzy/opt/gz_sim_vendor:/opt/ros/jazzy/opt/gz_sensors_vendor:/opt/ros/jazzy/opt/gz_physics_vendor:/opt/ros/jazzy/opt/sdformat_vendor:/opt/ros/jazzy/opt/gz_gui_vendor:/opt/ros/jazzy/opt/gz_transport_vendor:/opt/ros/jazzy/opt/gz_rendering_vendor:/opt/ros/jazzy/opt/gz_plugin_vendor:/opt/ros/jazzy/opt/gz_fuel_tools_vendor:/opt/ros/jazzy/opt/gz_msgs_vendor:/opt/ros/jazzy/opt/gz_common_vendor:/opt/ros/jazzy/opt/gz_math_vendor:/opt/ros/jazzy/opt/gz_utils_vendor:/opt/ros/jazzy/opt/gz_tools_vendor:/opt/ros/jazzy/opt/gz_ogre_next_vendor:/opt/ros/jazzy/opt/gz_dartsim_vendor:/opt/ros/jazzy/opt/gz_cmake_vendor:/home/kunal-jazzy/ros2_ws/install/leadshine_control:/home/kunal-jazzy/ROS2-Camera-Visualization/install/four_control:/home/kunal-jazzy/edge_ws/install/robot_control:/opt/ros/jazzy DEBUGINFOD_URLS=https://debuginfod.ubuntu.com /usr/bin/cmake /home/kunal-jazzy/edge_ws/src/edge_robot_bringup -DAMENT_CMAKE_SYMLINK_INSTALL=1 -DCMAKE_INSTALL_PREFIX=/home/kunal-jazzy/edge_ws/install/edge_robot_bringup
[1.615s] Invoking command in '/home/kunal-jazzy/edge_ws/build/edge_robot_bringup': CMAKE_PREFIX_PATH=/home/kunal-jazzy/edge_ws/install/edge_robot_description:/home/kunal-jazzy/ros2_ws/install/ydlidar_sdk:/home/kunal-jazzy/ros2_ws/install/ydlidar_ros2_driver:/home/kunal-jazzy/ros2_ws/install/sllidar_ros2:/home/kunal-jazzy/ros2_ws/install/rf2o_laser_odometry:/home/kunal-jazzy/ROS2-Camera-Visualization/install/four_worlds:/home/kunal-jazzy/ROS2-Camera-Visualization/install/four_control_bringup:/home/kunal-jazzy/ROS2-Camera-Visualization/install/four_wheel_description:/home/kunal-jazzy/nav_ws/install/navigation_pkg:/home/kunal-jazzy/ros2_arm/install/ros2_arm:/home/kunal-jazzy/ros2_arm/install/arm_description:/home/kunal-jazzy/edge_ws/install/edge_ws:/home/kunal-jazzy/edge_ws/install/edge_robot_bringup:/opt/ros/jazzy/opt/gz_sim_vendor:/opt/ros/jazzy/opt/gz_sensors_vendor:/opt/ros/jazzy/opt/gz_physics_vendor:/opt/ros/jazzy/opt/sdformat_vendor:/opt/ros/jazzy/opt/gz_gui_vendor:/opt/ros/jazzy/opt/gz_transport_vendor:/opt/ros/jazzy/opt/gz_rendering_vendor:/opt/ros/jazzy/opt/gz_plugin_vendor:/opt/ros/jazzy/opt/gz_fuel_tools_vendor:/opt/ros/jazzy/opt/gz_msgs_vendor:/opt/ros/jazzy/opt/gz_common_vendor:/opt/ros/jazzy/opt/gz_math_vendor:/opt/ros/jazzy/opt/gz_utils_vendor:/opt/ros/jazzy/opt/gz_tools_vendor:/opt/ros/jazzy/opt/gz_ogre_next_vendor:/opt/ros/jazzy/opt/gz_dartsim_vendor:/opt/ros/jazzy/opt/gz_cmake_vendor:/home/kunal-jazzy/ros2_ws/install/leadshine_control:/home/kunal-jazzy/ROS2-Camera-Visualization/install/four_control:/home/kunal-jazzy/edge_ws/install/robot_control:/opt/ros/jazzy DEBUGINFOD_URLS=https://debuginfod.ubuntu.com /usr/bin/cmake --build /home/kunal-jazzy/edge_ws/build/edge_robot_bringup -- -j12 -l12
[1.700s] Invoked command in '/home/kunal-jazzy/edge_ws/build/edge_robot_bringup' returned '0': CMAKE_PREFIX_PATH=/home/kunal-jazzy/edge_ws/install/edge_robot_description:/home/kunal-jazzy/ros2_ws/install/ydlidar_sdk:/home/kunal-jazzy/ros2_ws/install/ydlidar_ros2_driver:/home/kunal-jazzy/ros2_ws/install/sllidar_ros2:/home/kunal-jazzy/ros2_ws/install/rf2o_laser_odometry:/home/kunal-jazzy/ROS2-Camera-Visualization/install/four_worlds:/home/kunal-jazzy/ROS2-Camera-Visualization/install/four_control_bringup:/home/kunal-jazzy/ROS2-Camera-Visualization/install/four_wheel_description:/home/kunal-jazzy/nav_ws/install/navigation_pkg:/home/kunal-jazzy/ros2_arm/install/ros2_arm:/home/kunal-jazzy/ros2_arm/install/arm_description:/home/kunal-jazzy/edge_ws/install/edge_ws:/home/kunal-jazzy/edge_ws/install/edge_robot_bringup:/opt/ros/jazzy/opt/gz_sim_vendor:/opt/ros/jazzy/opt/gz_sensors_vendor:/opt/ros/jazzy/opt/gz_physics_vendor:/opt/ros/jazzy/opt/sdformat_vendor:/opt/ros/jazzy/opt/gz_gui_vendor:/opt/ros/jazzy/opt/gz_transport_vendor:/opt/ros/jazzy/opt/gz_rendering_vendor:/opt/ros/jazzy/opt/gz_plugin_vendor:/opt/ros/jazzy/opt/gz_fuel_tools_vendor:/opt/ros/jazzy/opt/gz_msgs_vendor:/opt/ros/jazzy/opt/gz_common_vendor:/opt/ros/jazzy/opt/gz_math_vendor:/opt/ros/jazzy/opt/gz_utils_vendor:/opt/ros/jazzy/opt/gz_tools_vendor:/opt/ros/jazzy/opt/gz_ogre_next_vendor:/opt/ros/jazzy/opt/gz_dartsim_vendor:/opt/ros/jazzy/opt/gz_cmake_vendor:/home/kunal-jazzy/ros2_ws/install/leadshine_control:/home/kunal-jazzy/ROS2-Camera-Visualization/install/four_control:/home/kunal-jazzy/edge_ws/install/robot_control:/opt/ros/jazzy DEBUGINFOD_URLS=https://debuginfod.ubuntu.com /usr/bin/cmake --build /home/kunal-jazzy/edge_ws/build/edge_robot_bringup -- -j12 -l12
[1.702s] Invoking command in '/home/kunal-jazzy/edge_ws/build/edge_robot_bringup': CMAKE_PREFIX_PATH=/home/kunal-jazzy/edge_ws/install/edge_robot_description:/home/kunal-jazzy/ros2_ws/install/ydlidar_sdk:/home/kunal-jazzy/ros2_ws/install/ydlidar_ros2_driver:/home/kunal-jazzy/ros2_ws/install/sllidar_ros2:/home/kunal-jazzy/ros2_ws/install/rf2o_laser_odometry:/home/kunal-jazzy/ROS2-Camera-Visualization/install/four_worlds:/home/kunal-jazzy/ROS2-Camera-Visualization/install/four_control_bringup:/home/kunal-jazzy/ROS2-Camera-Visualization/install/four_wheel_description:/home/kunal-jazzy/nav_ws/install/navigation_pkg:/home/kunal-jazzy/ros2_arm/install/ros2_arm:/home/kunal-jazzy/ros2_arm/install/arm_description:/home/kunal-jazzy/edge_ws/install/edge_ws:/home/kunal-jazzy/edge_ws/install/edge_robot_bringup:/opt/ros/jazzy/opt/gz_sim_vendor:/opt/ros/jazzy/opt/gz_sensors_vendor:/opt/ros/jazzy/opt/gz_physics_vendor:/opt/ros/jazzy/opt/sdformat_vendor:/opt/ros/jazzy/opt/gz_gui_vendor:/opt/ros/jazzy/opt/gz_transport_vendor:/opt/ros/jazzy/opt/gz_rendering_vendor:/opt/ros/jazzy/opt/gz_plugin_vendor:/opt/ros/jazzy/opt/gz_fuel_tools_vendor:/opt/ros/jazzy/opt/gz_msgs_vendor:/opt/ros/jazzy/opt/gz_common_vendor:/opt/ros/jazzy/opt/gz_math_vendor:/opt/ros/jazzy/opt/gz_utils_vendor:/opt/ros/jazzy/opt/gz_tools_vendor:/opt/ros/jazzy/opt/gz_ogre_next_vendor:/opt/ros/jazzy/opt/gz_dartsim_vendor:/opt/ros/jazzy/opt/gz_cmake_vendor:/home/kunal-jazzy/ros2_ws/install/leadshine_control:/home/kunal-jazzy/ROS2-Camera-Visualization/install/four_control:/home/kunal-jazzy/edge_ws/install/robot_control:/opt/ros/jazzy DEBUGINFOD_URLS=https://debuginfod.ubuntu.com /usr/bin/cmake --install /home/kunal-jazzy/edge_ws/build/edge_robot_bringup
[1.715s] -- Install configuration: ""
[1.716s] -- Execute custom install script
[1.717s] -- Symlinking: /home/kunal-jazzy/edge_ws/install/edge_robot_bringup/share/edge_robot_bringup//launch/robot.launch.py
[1.739s] -- Symlinking: /home/kunal-jazzy/edge_ws/install/edge_robot_bringup/share/edge_robot_bringup//config/gazebo_bridge.yaml
[1.760s] -- Symlinking: /home/kunal-jazzy/edge_ws/install/edge_robot_bringup/share/edge_robot_bringup//world/indoor_robotics_lab.sdf
[1.780s] -- Symlinking: /home/kunal-jazzy/edge_ws/install/edge_robot_bringup/share/edge_robot_bringup//world/table.sdf
[1.799s] -- Symlinking: /home/kunal-jazzy/edge_ws/install/edge_robot_bringup/share/ament_index/resource_index/package_run_dependencies/edge_robot_bringup
[1.819s] -- Symlinking: /home/kunal-jazzy/edge_ws/install/edge_robot_bringup/share/ament_index/resource_index/parent_prefix_path/edge_robot_bringup
[1.839s] -- Symlinking: /home/kunal-jazzy/edge_ws/install/edge_robot_bringup/share/edge_robot_bringup/environment/ament_prefix_path.sh
[1.858s] -- Symlinking: /home/kunal-jazzy/edge_ws/install/edge_robot_bringup/share/edge_robot_bringup/environment/ament_prefix_path.dsv
[1.878s] -- Symlinking: /home/kunal-jazzy/edge_ws/install/edge_robot_bringup/share/edge_robot_bringup/environment/path.sh
[1.893s] -- Symlinking: /home/kunal-jazzy/edge_ws/install/edge_robot_bringup/share/edge_robot_bringup/environment/path.dsv
[1.906s] -- Symlinking: /home/kunal-jazzy/edge_ws/install/edge_robot_bringup/share/edge_robot_bringup/local_setup.bash
[1.920s] -- Symlinking: /home/kunal-jazzy/edge_ws/install/edge_robot_bringup/share/edge_robot_bringup/local_setup.sh
[1.941s] -- Symlinking: /home/kunal-jazzy/edge_ws/install/edge_robot_bringup/share/edge_robot_bringup/local_setup.zsh
[1.956s] -- Symlinking: /home/kunal-jazzy/edge_ws/install/edge_robot_bringup/share/edge_robot_bringup/local_setup.dsv
[1.971s] -- Symlinking: /home/kunal-jazzy/edge_ws/install/edge_robot_bringup/share/edge_robot_bringup/package.dsv
[1.990s] -- Symlinking: /home/kunal-jazzy/edge_ws/install/edge_robot_bringup/share/ament_index/resource_index/packages/edge_robot_bringup
[2.009s] -- Symlinking: /home/kunal-jazzy/edge_ws/install/edge_robot_bringup/share/edge_robot_bringup/cmake/edge_robot_bringupConfig.cmake
[2.024s] -- Symlinking: /home/kunal-jazzy/edge_ws/install/edge_robot_bringup/share/edge_robot_bringup/cmake/edge_robot_bringupConfig-version.cmake
[2.045s] -- Symlinking: /home/kunal-jazzy/edge_ws/install/edge_robot_bringup/share/edge_robot_bringup/package.xml
[2.063s] Invoked command in '/home/kunal-jazzy/edge_ws/build/edge_robot_bringup' returned '0': CMAKE_PREFIX_PATH=/home/kunal-jazzy/edge_ws/install/edge_robot_description:/home/kunal-jazzy/ros2_ws/install/ydlidar_sdk:/home/kunal-jazzy/ros2_ws/install/ydlidar_ros2_driver:/home/kunal-jazzy/ros2_ws/install/sllidar_ros2:/home/kunal-jazzy/ros2_ws/install/rf2o_laser_odometry:/home/kunal-jazzy/ROS2-Camera-Visualization/install/four_worlds:/home/kunal-jazzy/ROS2-Camera-Visualization/install/four_control_bringup:/home/kunal-jazzy/ROS2-Camera-Visualization/install/four_wheel_description:/home/kunal-jazzy/nav_ws/install/navigation_pkg:/home/kunal-jazzy/ros2_arm/install/ros2_arm:/home/kunal-jazzy/ros2_arm/install/arm_description:/home/kunal-jazzy/edge_ws/install/edge_ws:/home/kunal-jazzy/edge_ws/install/edge_robot_bringup:/opt/ros/jazzy/opt/gz_sim_vendor:/opt/ros/jazzy/opt/gz_sensors_vendor:/opt/ros/jazzy/opt/gz_physics_vendor:/opt/ros/jazzy/opt/sdformat_vendor:/opt/ros/jazzy/opt/gz_gui_vendor:/opt/ros/jazzy/opt/gz_transport_vendor:/opt/ros/jazzy/opt/gz_rendering_vendor:/opt/ros/jazzy/opt/gz_plugin_vendor:/opt/ros/jazzy/opt/gz_fuel_tools_vendor:/opt/ros/jazzy/opt/gz_msgs_vendor:/opt/ros/jazzy/opt/gz_common_vendor:/opt/ros/jazzy/opt/gz_math_vendor:/opt/ros/jazzy/opt/gz_utils_vendor:/opt/ros/jazzy/opt/gz_tools_vendor:/opt/ros/jazzy/opt/gz_ogre_next_vendor:/opt/ros/jazzy/opt/gz_dartsim_vendor:/opt/ros/jazzy/opt/gz_cmake_vendor:/home/kunal-jazzy/ros2_ws/install/leadshine_control:/home/kunal-jazzy/ROS2-Camera-Visualization/install/four_control:/home/kunal-jazzy/edge_ws/install/robot_control:/opt/ros/jazzy DEBUGINFOD_URLS=https://debuginfod.ubuntu.com /usr/bin/cmake --install /home/kunal-jazzy/edge_ws/build/edge_robot_bringup
