running develop
running egg_info
creating robot_control.egg-info
writing robot_control.egg-info/PKG-INFO
writing dependency_links to robot_control.egg-info/dependency_links.txt
writing entry points to robot_control.egg-info/entry_points.txt
writing requirements to robot_control.egg-info/requires.txt
writing top-level names to robot_control.egg-info/top_level.txt
writing manifest file 'robot_control.egg-info/SOURCES.txt'
reading manifest file 'robot_control.egg-info/SOURCES.txt'
writing manifest file 'robot_control.egg-info/SOURCES.txt'
running build_ext
Creating /home/kunal-jazzy/edge_ws/install/robot_control/lib/python3.12/site-packages/robot-control.egg-link (link to .)
Installing edge_avoid script to /home/kunal-jazzy/edge_ws/install/robot_control/lib/robot_control

Installed /home/kunal-jazzy/edge_ws/build/robot_control
running symlink_data
creating /home/kunal-jazzy/edge_ws/install/robot_control/share/ament_index
creating /home/kunal-jazzy/edge_ws/install/robot_control/share/ament_index/resource_index
creating /home/kunal-jazzy/edge_ws/install/robot_control/share/ament_index/resource_index/packages
symbolically linking /home/kunal-jazzy/edge_ws/build/robot_control/resource/robot_control -> /home/kunal-jazzy/edge_ws/install/robot_control/share/ament_index/resource_index/packages
symbolically linking /home/kunal-jazzy/edge_ws/build/robot_control/package.xml -> /home/kunal-jazzy/edge_ws/install/robot_control/share/robot_control
