[1.304s] Invoking command in '/home/kunal-jazzy/edge_ws/build/robot_control': DEBUGINFOD_URLS=https://debuginfod.ubuntu.com PYTHONPATH=/home/kunal-jazzy/edge_ws/build/robot_control/prefix_override:/usr/lib/python3/dist-packages/colcon_core/task/python/colcon_distutils_commands:/home/kunal-jazzy/edge_ws/install/robot_control/lib/python3.12/site-packages:${PYTHONPATH} /usr/bin/python3 -W ignore:setup.py install is deprecated -W ignore:easy_install command is deprecated setup.py develop --editable --build-directory /home/kunal-jazzy/edge_ws/build/robot_control/build --no-deps symlink_data
[1.848s] running develop
[2.212s] running egg_info
[2.212s] creating robot_control.egg-info
[2.251s] writing robot_control.egg-info/PKG-INFO
[2.252s] writing dependency_links to robot_control.egg-info/dependency_links.txt
[2.252s] writing entry points to robot_control.egg-info/entry_points.txt
[2.252s] writing requirements to robot_control.egg-info/requires.txt
[2.252s] writing top-level names to robot_control.egg-info/top_level.txt
[2.252s] writing manifest file 'robot_control.egg-info/SOURCES.txt'
[2.324s] reading manifest file 'robot_control.egg-info/SOURCES.txt'
[2.325s] writing manifest file 'robot_control.egg-info/SOURCES.txt'
[2.360s] running build_ext
[2.360s] Creating /home/kunal-jazzy/edge_ws/install/robot_control/lib/python3.12/site-packages/robot-control.egg-link (link to .)
[2.360s] Installing edge_avoid script to /home/kunal-jazzy/edge_ws/install/robot_control/lib/robot_control
[2.361s] 
[2.361s] Installed /home/kunal-jazzy/edge_ws/build/robot_control
[2.361s] running symlink_data
[2.362s] creating /home/kunal-jazzy/edge_ws/install/robot_control/share/ament_index
[2.362s] creating /home/kunal-jazzy/edge_ws/install/robot_control/share/ament_index/resource_index
[2.362s] creating /home/kunal-jazzy/edge_ws/install/robot_control/share/ament_index/resource_index/packages
[2.362s] symbolically linking /home/kunal-jazzy/edge_ws/build/robot_control/resource/robot_control -> /home/kunal-jazzy/edge_ws/install/robot_control/share/ament_index/resource_index/packages
[2.362s] symbolically linking /home/kunal-jazzy/edge_ws/build/robot_control/package.xml -> /home/kunal-jazzy/edge_ws/install/robot_control/share/robot_control
[2.427s] Invoked command in '/home/kunal-jazzy/edge_ws/build/robot_control' returned '0': DEBUGINFOD_URLS=https://debuginfod.ubuntu.com PYTHONPATH=/home/kunal-jazzy/edge_ws/build/robot_control/prefix_override:/usr/lib/python3/dist-packages/colcon_core/task/python/colcon_distutils_commands:/home/kunal-jazzy/edge_ws/install/robot_control/lib/python3.12/site-packages:${PYTHONPATH} /usr/bin/python3 -W ignore:setup.py install is deprecated -W ignore:easy_install command is deprecated setup.py develop --editable --build-directory /home/kunal-jazzy/edge_ws/build/robot_control/build --no-deps symlink_data
